stm32h7xx_hal_spi.c:3572:13:SPI_RxISR_16BIT	0	static
stm32h7xx_hal_spi.c:3615:13:SPI_RxISR_32BIT	4	static
stm32h7xx_hal_spi.c:3688:13:SPI_TxISR_16BIT	0	static
stm32h7xx_hal_spi.c:3730:13:SPI_TxISR_32BIT	0	static
stm32h7xx_hal_spi.c:3766:13:SPI_AbortTransfer	4	static
stm32h7xx_hal_spi.c:3804:13:SPI_CloseTransfer	4	static
stm32h7xx_hal_spi.c:3535:13:SPI_RxISR_8BIT	0	static
stm32h7xx_hal_spi.c:3652:13:SPI_TxISR_8BIT	0	static
stm32h7xx_hal_spi.c:501:13:HAL_SPI_MspInit	0	static
stm32h7xx_hal_spi.c:235:19:HAL_SPI_Init	24	static
stm32h7xx_hal_spi.c:517:13:HAL_SPI_MspDeInit	0	static
stm32h7xx_hal_spi.c:457:19:HAL_SPI_DeInit	8	static
stm32h7xx_hal_spi.c:788:19:HAL_SPI_Transmit	32	static
stm32h7xx_hal_spi.c:1239:19:HAL_SPI_TransmitReceive	40	static
stm32h7xx_hal_spi.c:1007:19:HAL_SPI_Receive	40	static
stm32h7xx_hal_spi.c:1527:19:HAL_SPI_Transmit_IT	8	static
stm32h7xx_hal_spi.c:1708:19:HAL_SPI_TransmitReceive_IT	20	static
stm32h7xx_hal_spi.c:1611:19:HAL_SPI_Receive_IT	12	static
stm32h7xx_hal_spi.c:2081:19:HAL_SPI_Transmit_DMA	24	static
stm32h7xx_hal_spi.c:2374:19:HAL_SPI_TransmitReceive_DMA	24	static
stm32h7xx_hal_spi.c:2224:19:HAL_SPI_Receive_DMA	24	static
stm32h7xx_hal_spi.c:2568:19:HAL_SPI_Abort	24	static
stm32h7xx_hal_spi.c:2798:19:HAL_SPI_DMAPause	0	static
stm32h7xx_hal_spi.c:2813:19:HAL_SPI_DMAResume	0	static
stm32h7xx_hal_spi.c:2828:19:HAL_SPI_DMAStop	0	static
stm32h7xx_hal_spi.c:3092:13:HAL_SPI_TxCpltCallback	0	static
stm32h7xx_hal_spi.c:3278:13:SPI_DMATransmitCplt	8	static
stm32h7xx_hal_spi.c:3108:13:HAL_SPI_RxCpltCallback	0	static
stm32h7xx_hal_spi.c:3306:13:SPI_DMAReceiveCplt	8	static
stm32h7xx_hal_spi.c:3124:13:HAL_SPI_TxRxCpltCallback	0	static
stm32h7xx_hal_spi.c:3334:13:SPI_DMATransmitReceiveCplt	8	static
stm32h7xx_hal_spi.c:3140:13:HAL_SPI_TxHalfCpltCallback	0	static
stm32h7xx_hal_spi.c:3362:13:SPI_DMAHalfTransmitCplt	8	static
stm32h7xx_hal_spi.c:3156:13:HAL_SPI_RxHalfCpltCallback	0	static
stm32h7xx_hal_spi.c:3379:13:SPI_DMAHalfReceiveCplt	8	static
stm32h7xx_hal_spi.c:3172:13:HAL_SPI_TxRxHalfCpltCallback	0	static
stm32h7xx_hal_spi.c:3396:13:SPI_DMAHalfTransmitReceiveCplt	8	static
stm32h7xx_hal_spi.c:3188:13:HAL_SPI_ErrorCallback	0	static
stm32h7xx_hal_spi.c:3413:13:SPI_DMAError	8	static
stm32h7xx_hal_spi.c:2842:6:HAL_SPI_IRQHandler	24	static
stm32h7xx_hal_spi.c:3439:13:SPI_DMAAbortOnError	8	static
stm32h7xx_hal_spi.c:3206:13:HAL_SPI_AbortCpltCallback	0	static
stm32h7xx_hal_spi.c:2677:19:HAL_SPI_Abort_IT	24	static
stm32h7xx_hal_spi.c:3500:13:SPI_DMARxAbortCallback	16	static
stm32h7xx_hal_spi.c:3463:13:SPI_DMATxAbortCallback	16	static
stm32h7xx_hal_spi.c:3241:22:HAL_SPI_GetState	0	static
stm32h7xx_hal_spi.c:3253:10:HAL_SPI_GetError	0	static
