stm32h7xx_ll_sdmmc.c:200:19:SDMMC_Init	12	static
stm32h7xx_ll_sdmmc.c:251:10:SDMMC_ReadFIFO	0	static
stm32h7xx_ll_sdmmc.c:263:19:SDMMC_WriteFIFO	0	static
stm32h7xx_ll_sdmmc.c:295:19:SDMMC_PowerState_ON	0	static
stm32h7xx_ll_sdmmc.c:308:19:SDMMC_PowerState_Cycle	0	static
stm32h7xx_ll_sdmmc.c:321:19:SDMMC_PowerState_OFF	0	static
stm32h7xx_ll_sdmmc.c:338:10:SDMMC_GetPowerState	0	static
stm32h7xx_ll_sdmmc.c:351:19:SDMMC_SendCommand	12	static
stm32h7xx_ll_sdmmc.c:381:9:SDMMC_GetCommandResponse	0	static
stm32h7xx_ll_sdmmc.c:398:10:SDMMC_GetResponse	0	static
stm32h7xx_ll_sdmmc.c:419:19:SDMMC_ConfigData	8	static
stm32h7xx_ll_sdmmc.c:454:10:SDMMC_GetDataCounter	0	static
stm32h7xx_ll_sdmmc.c:464:10:SDMMC_GetFIFOCount	0	static
stm32h7xx_ll_sdmmc.c:478:19:SDMMC_SetSDMMCReadWaitMode	0	static
stm32h7xx_ll_sdmmc.c:513:10:SDMMC_CmdBlockLength	8	static
stm32h7xx_ll_sdmmc.c:537:10:SDMMC_CmdReadSingleBlock	8	static
stm32h7xx_ll_sdmmc.c:561:10:SDMMC_CmdReadMultiBlock	8	static
stm32h7xx_ll_sdmmc.c:585:10:SDMMC_CmdWriteSingleBlock	8	static
stm32h7xx_ll_sdmmc.c:609:10:SDMMC_CmdWriteMultiBlock	8	static
stm32h7xx_ll_sdmmc.c:633:10:SDMMC_CmdSDEraseStartAdd	8	static
stm32h7xx_ll_sdmmc.c:657:10:SDMMC_CmdSDEraseEndAdd	8	static
stm32h7xx_ll_sdmmc.c:681:10:SDMMC_CmdEraseStartAdd	8	static
stm32h7xx_ll_sdmmc.c:705:10:SDMMC_CmdEraseEndAdd	8	static
stm32h7xx_ll_sdmmc.c:730:10:SDMMC_CmdErase	8	static
stm32h7xx_ll_sdmmc.c:754:10:SDMMC_CmdStopTransfer	12	static
stm32h7xx_ll_sdmmc.c:791:10:SDMMC_CmdSelDesel	8	static
stm32h7xx_ll_sdmmc.c:815:10:SDMMC_CmdGoIdleState	8	static
stm32h7xx_ll_sdmmc.c:838:10:SDMMC_CmdOperCond	8	static
stm32h7xx_ll_sdmmc.c:869:10:SDMMC_CmdAppCommand	8	static
stm32h7xx_ll_sdmmc.c:897:10:SDMMC_CmdAppOperCommand	8	static
stm32h7xx_ll_sdmmc.c:921:10:SDMMC_CmdBusWidth	8	static
stm32h7xx_ll_sdmmc.c:944:10:SDMMC_CmdSendSCR	8	static
stm32h7xx_ll_sdmmc.c:968:10:SDMMC_CmdSendCID	8	static
stm32h7xx_ll_sdmmc.c:993:10:SDMMC_CmdSendCSD	8	static
stm32h7xx_ll_sdmmc.c:1018:10:SDMMC_CmdSetRelAdd	8	static
stm32h7xx_ll_sdmmc.c:1043:10:SDMMC_CmdSetRelAddMmc	8	static
stm32h7xx_ll_sdmmc.c:1068:10:SDMMC_CmdSendStatus	8	static
stm32h7xx_ll_sdmmc.c:1091:10:SDMMC_CmdStatusRegister	8	static
stm32h7xx_ll_sdmmc.c:1116:10:SDMMC_CmdOpCondition	8	static
stm32h7xx_ll_sdmmc.c:1140:10:SDMMC_CmdSwitch	8	static
stm32h7xx_ll_sdmmc.c:1166:10:SDMMC_CmdVoltageSwitch	8	static
stm32h7xx_ll_sdmmc.c:1190:10:SDMMC_CmdSendEXTCSD	8	static
stm32h7xx_ll_sdmmc.c:1233:10:SDMMC_GetCmdResp1	4	static
stm32h7xx_ll_sdmmc.c:1368:10:SDMMC_GetCmdResp2	4	static
stm32h7xx_ll_sdmmc.c:1412:10:SDMMC_GetCmdResp3	0	static
stm32h7xx_ll_sdmmc.c:1452:10:SDMMC_GetCmdResp6	4	static
stm32h7xx_ll_sdmmc.c:1526:10:SDMMC_GetCmdResp7	4	static
