stm32h7xx_hal_dma_ex.c:649:13:DMA_MultiBufferSetConfig	16	static
stm32h7xx_hal_dma_ex.c:121:19:HAL_DMAEx_MultiBufferStart	24	static
stm32h7xx_hal_dma_ex.c:218:19:HAL_DMAEx_MultiBufferStart_IT	24	static
stm32h7xx_hal_dma_ex.c:358:19:HAL_DMAEx_ChangeMemory	8	static
stm32h7xx_hal_dma_ex.c:397:19:HAL_DMAEx_ConfigMuxSync	20	static
stm32h7xx_hal_dma_ex.c:465:19:HAL_DMAEx_ConfigMuxRequestGenerator	12	static
stm32h7xx_hal_dma_ex.c:531:19:HAL_DMAEx_EnableMuxRequestGenerator	0	static
stm32h7xx_hal_dma_ex.c:557:19:HAL_DMAEx_DisableMuxRequestGenerator	0	static
stm32h7xx_hal_dma_ex.c:583:6:HAL_DMAEx_MUX_IRQHandler	16	static
