stm32h7xx_hal_pwr.c:226:6:HAL_PWR_DeInit	0	static
stm32h7xx_hal_pwr.c:237:6:HAL_PWR_EnableBkUpAccess	0	static
stm32h7xx_hal_pwr.c:250:6:HAL_PWR_DisableBkUpAccess	0	static
stm32h7xx_hal_pwr.c:416:6:HAL_PWR_ConfigPVD	4	static
stm32h7xx_hal_pwr.c:471:6:HAL_PWR_EnablePVD	0	static
stm32h7xx_hal_pwr.c:481:6:HAL_PWR_DisablePVD	0	static
stm32h7xx_hal_pwr.c:508:6:HAL_PWR_EnableWakeUpPin	0	static
stm32h7xx_hal_pwr.c:537:6:HAL_PWR_DisableWakeUpPin	0	static
stm32h7xx_hal_pwr.c:565:6:HAL_PWR_EnterSLEEPMode	0	static,ignoring_inline_asm
stm32h7xx_hal_pwr.c:616:6:HAL_PWR_EnterSTOPMode	4	static,ignoring_inline_asm
stm32h7xx_hal_pwr.c:687:6:HAL_PWR_EnterSTANDBYMode	0	static,ignoring_inline_asm
stm32h7xx_hal_pwr.c:739:6:HAL_PWR_EnableSleepOnExit	0	static
stm32h7xx_hal_pwr.c:752:6:HAL_PWR_DisableSleepOnExit	0	static
stm32h7xx_hal_pwr.c:765:6:HAL_PWR_EnableSEVOnPend	0	static
stm32h7xx_hal_pwr.c:777:6:HAL_PWR_DisableSEVOnPend	0	static
stm32h7xx_hal_pwr.c:851:13:HAL_PWR_PVDCallback	0	static
stm32h7xx_hal_pwr.c:806:6:HAL_PWR_PVD_IRQHandler	8	static
