stm32h7xx_hal_pwr_ex.c:314:19:HAL_PWREx_ConfigSupply	16	static
stm32h7xx_hal_pwr_ex.c:386:10:HAL_PWREx_GetSupplyConfig	0	static
stm32h7xx_hal_pwr_ex.c:414:19:HAL_PWREx_ControlVoltageScaling	16	static
stm32h7xx_hal_pwr_ex.c:513:10:HAL_PWREx_GetVoltageRange	0	static
stm32h7xx_hal_pwr_ex.c:539:19:HAL_PWREx_ControlStopModeVoltageScaling	0	static
stm32h7xx_hal_pwr_ex.c:554:10:HAL_PWREx_GetStopModeVoltageRange	0	static
stm32h7xx_hal_pwr_ex.c:817:6:HAL_PWREx_EnterSTOPMode	4	static,ignoring_inline_asm
stm32h7xx_hal_pwr_ex.c:940:6:HAL_PWREx_ClearPendingEvent	0	static,ignoring_inline_asm
stm32h7xx_hal_pwr_ex.c:987:6:HAL_PWREx_EnterSTANDBYMode	0	static,ignoring_inline_asm
stm32h7xx_hal_pwr_ex.c:1082:6:HAL_PWREx_ConfigD3Domain	0	static
stm32h7xx_hal_pwr_ex.c:1213:6:HAL_PWREx_EnableFlashPowerDown	0	static
stm32h7xx_hal_pwr_ex.c:1227:6:HAL_PWREx_DisableFlashPowerDown	0	static
stm32h7xx_hal_pwr_ex.c:1303:6:HAL_PWREx_EnableWakeUpPin	8	static,ignoring_inline_asm
stm32h7xx_hal_pwr_ex.c:1345:6:HAL_PWREx_DisableWakeUpPin	0	static
stm32h7xx_hal_pwr_ex.c:1370:10:HAL_PWREx_GetWakeupFlag	0	static
stm32h7xx_hal_pwr_ex.c:1395:19:HAL_PWREx_ClearWakeupFlag	0	static
stm32h7xx_hal_pwr_ex.c:1478:13:HAL_PWREx_WKUP1_Callback	0	static
stm32h7xx_hal_pwr_ex.c:1489:13:HAL_PWREx_WKUP2_Callback	0	static
stm32h7xx_hal_pwr_ex.c:1501:13:HAL_PWREx_WKUP3_Callback	0	static
stm32h7xx_hal_pwr_ex.c:1513:13:HAL_PWREx_WKUP4_Callback	0	static
stm32h7xx_hal_pwr_ex.c:1525:13:HAL_PWREx_WKUP5_Callback	0	static
stm32h7xx_hal_pwr_ex.c:1537:13:HAL_PWREx_WKUP6_Callback	0	static
stm32h7xx_hal_pwr_ex.c:1417:6:HAL_PWREx_WAKEUP_PIN_IRQHandler	8	static
stm32h7xx_hal_pwr_ex.c:1626:19:HAL_PWREx_EnableBkUpReg	16	static
stm32h7xx_hal_pwr_ex.c:1652:19:HAL_PWREx_DisableBkUpReg	16	static
stm32h7xx_hal_pwr_ex.c:1678:19:HAL_PWREx_EnableUSBReg	16	static
stm32h7xx_hal_pwr_ex.c:1704:19:HAL_PWREx_DisableUSBReg	16	static
stm32h7xx_hal_pwr_ex.c:1730:6:HAL_PWREx_EnableUSBVoltageDetector	0	static
stm32h7xx_hal_pwr_ex.c:1740:6:HAL_PWREx_DisableUSBVoltageDetector	0	static
stm32h7xx_hal_pwr_ex.c:1756:6:HAL_PWREx_EnableBatteryCharging	0	static
stm32h7xx_hal_pwr_ex.c:1772:6:HAL_PWREx_DisableBatteryCharging	0	static
stm32h7xx_hal_pwr_ex.c:1862:6:HAL_PWREx_EnableMonitoring	0	static
stm32h7xx_hal_pwr_ex.c:1872:6:HAL_PWREx_DisableMonitoring	0	static
stm32h7xx_hal_pwr_ex.c:1883:10:HAL_PWREx_GetTemperatureLevel	0	static
stm32h7xx_hal_pwr_ex.c:1914:10:HAL_PWREx_GetVBATLevel	0	static
stm32h7xx_hal_pwr_ex.c:1977:6:HAL_PWREx_ConfigAVD	4	static
stm32h7xx_hal_pwr_ex.c:2026:6:HAL_PWREx_EnableAVD	0	static
stm32h7xx_hal_pwr_ex.c:2036:6:HAL_PWREx_DisableAVD	0	static
stm32h7xx_hal_pwr_ex.c:2120:13:HAL_PWREx_AVDCallback	0	static
stm32h7xx_hal_pwr_ex.c:2047:6:HAL_PWREx_PVD_AVD_IRQHandler	8	static
