stm32h7xx_hal_sd.c:3422:17:SD_FindSCR	56	static
stm32h7xx_hal_sd.c:3590:10:SD_HighSpeed	120	static
stm32h7xx_hal_sd.c:609:13:HAL_SD_MspInit	0	static
stm32h7xx_hal_sd.c:624:13:HAL_SD_MspDeInit	0	static
stm32h7xx_hal_sd.c:552:19:HAL_SD_DeInit	8	static
stm32h7xx_hal_sd.c:665:19:HAL_SD_ReadBlocks	64	static
stm32h7xx_hal_sd.c:850:19:HAL_SD_WriteBlocks	72	static
stm32h7xx_hal_sd.c:1037:19:HAL_SD_ReadBlocks_IT	48	static
stm32h7xx_hal_sd.c:1132:19:HAL_SD_WriteBlocks_IT	48	static
stm32h7xx_hal_sd.c:1229:19:HAL_SD_ReadBlocks_DMA	56	static
stm32h7xx_hal_sd.c:1328:19:HAL_SD_WriteBlocks_DMA	56	static
stm32h7xx_hal_sd.c:1424:19:HAL_SD_Erase	24	static
stm32h7xx_hal_sd.c:1761:21:HAL_SD_GetState	0	static
stm32h7xx_hal_sd.c:1772:10:HAL_SD_GetError	0	static
stm32h7xx_hal_sd.c:1782:13:HAL_SD_TxCpltCallback	0	static
stm32h7xx_hal_sd.c:1797:13:HAL_SD_RxCpltCallback	0	static
stm32h7xx_hal_sd.c:1812:13:HAL_SD_ErrorCallback	0	static
stm32h7xx_hal_sd.c:1827:13:HAL_SD_AbortCallback	0	static
stm32h7xx_hal_sd.c:2157:19:HAL_SD_GetCardCID	12	static
stm32h7xx_hal_sd.c:2190:19:HAL_SD_GetCardCSD	20	static
stm32h7xx_hal_sd.c:469:19:HAL_SD_InitCard	104	static
stm32h7xx_hal_sd.c:2304:19:HAL_SD_GetCardStatus	120	static
stm32h7xx_hal_sd.c:2368:19:HAL_SD_GetCardInfo	20	static
stm32h7xx_hal_sd.c:2393:19:HAL_SD_ConfigWideBusOperation	56	static
stm32h7xx_hal_sd.c:338:19:HAL_SD_Init	48	static
stm32h7xx_hal_sd.c:2557:19:HAL_SD_ConfigSpeedBusOperation	16	static
stm32h7xx_hal_sd.c:2808:25:HAL_SD_GetCardState	8	static
stm32h7xx_hal_sd.c:2831:19:HAL_SD_Abort	16	static
stm32h7xx_hal_sd.c:2868:19:HAL_SD_Abort_IT	16	static
stm32h7xx_hal_sd.c:3962:13:HAL_SDEx_Read_DMADoubleBuf0CpltCallback	0	static
stm32h7xx_hal_sd.c:3977:13:HAL_SDEx_Read_DMADoubleBuf1CpltCallback	0	static
stm32h7xx_hal_sd.c:3992:13:HAL_SDEx_Write_DMADoubleBuf0CpltCallback	0	static
stm32h7xx_hal_sd.c:4007:13:HAL_SDEx_Write_DMADoubleBuf1CpltCallback	0	static
stm32h7xx_hal_sd.c:1526:6:HAL_SD_IRQHandler	32	static
