stm32h7xx_hal_mdma.c:219:19:HAL_MDMA_Init	16	static
stm32h7xx_hal_mdma.c:295:19:HAL_MDMA_DeInit	8	static
stm32h7xx_hal_mdma.c:348:19:HAL_MDMA_ConfigPostRequestMask	8	static
stm32h7xx_hal_mdma.c:410:19:HAL_MDMA_RegisterCallback	0	static
stm32h7xx_hal_mdma.c:475:19:HAL_MDMA_UnRegisterCallback	4	static
stm32h7xx_hal_mdma.c:569:19:HAL_MDMA_LinkedList_CreateNode	12	static
stm32h7xx_hal_mdma.c:712:19:HAL_MDMA_LinkedList_AddNode	16	static
stm32h7xx_hal_mdma.c:845:19:HAL_MDMA_LinkedList_RemoveNode	16	static
stm32h7xx_hal_mdma.c:958:19:HAL_MDMA_LinkedList_EnableCircularMode	4	static
stm32h7xx_hal_mdma.c:1002:19:HAL_MDMA_LinkedList_DisableCircularMode	0	static
stm32h7xx_hal_mdma.c:1073:19:HAL_MDMA_Start	16	static
stm32h7xx_hal_mdma.c:1133:19:HAL_MDMA_Start_IT	16	static
stm32h7xx_hal_mdma.c:1216:19:HAL_MDMA_Abort	16	static
stm32h7xx_hal_mdma.c:1281:19:HAL_MDMA_Abort_IT	0	static
stm32h7xx_hal_mdma.c:1316:19:HAL_MDMA_PollForTransfer	24	static
stm32h7xx_hal_mdma.c:1463:19:HAL_MDMA_GenerateSWRequest	0	static
stm32h7xx_hal_mdma.c:1505:6:HAL_MDMA_IRQHandler	24	static
stm32h7xx_hal_mdma.c:1723:23:HAL_MDMA_GetState	0	static
stm32h7xx_hal_mdma.c:1734:10:HAL_MDMA_GetError	0	static
