bsp_driver_sd.c:74:16:BSP_SD_ITConfig	0	static
bsp_driver_sd.c:94:16:BSP_SD_ReadBlocks	24	static
bsp_driver_sd.c:117:16:BSP_SD_WriteBlocks	24	static
bsp_driver_sd.c:139:16:BSP_SD_ReadBlocks_DMA	16	static
bsp_driver_sd.c:162:16:BSP_SD_WriteBlocks_DMA	16	static
bsp_driver_sd.c:184:16:BSP_SD_Erase	8	static
bsp_driver_sd.c:208:16:BSP_SD_GetCardState	8	static
bsp_driver_sd.c:218:13:BSP_SD_GetCardInfo	0	static
bsp_driver_sd.c:263:13:BSP_SD_AbortCallback	0	static
bsp_driver_sd.c:232:6:HAL_SD_AbortCallback	8	static
bsp_driver_sd.c:273:13:BSP_SD_WriteCpltCallback	0	static
bsp_driver_sd.c:242:6:HAL_SD_TxCpltCallback	8	static
bsp_driver_sd.c:283:13:BSP_SD_ReadCpltCallback	0	static
bsp_driver_sd.c:252:6:HAL_SD_RxCpltCallback	8	static
bsp_driver_sd.c:294:16:BSP_SD_IsDetected	8	static
bsp_driver_sd.c:43:16:BSP_SD_Init	8	static
