Archive member included to satisfy reference by file (symbol)

c:/st/stm32cubeide_1.7.0/stm32cubeide/plugins/com.st.stm32cube.ide.mcu.externaltools.gnu-tools-for-stm32.9-2020-q2-update.win32_2.0.0.202105311346/tools/bin/../lib/gcc/arm-none-eabi/9.3.1/../../../../arm-none-eabi/lib/thumb/v7e-m+dp/hard\libc_nano.a(lib_a-errno.o)
                              ./Core/Src/syscalls.o (__errno)
c:/st/stm32cubeide_1.7.0/stm32cubeide/plugins/com.st.stm32cube.ide.mcu.externaltools.gnu-tools-for-stm32.9-2020-q2-update.win32_2.0.0.202105311346/tools/bin/../lib/gcc/arm-none-eabi/9.3.1/../../../../arm-none-eabi/lib/thumb/v7e-m+dp/hard\libc_nano.a(lib_a-exit.o)
                              c:/st/stm32cubeide_1.7.0/stm32cubeide/plugins/com.st.stm32cube.ide.mcu.externaltools.gnu-tools-for-stm32.9-2020-q2-update.win32_2.0.0.202105311346/tools/bin/../lib/gcc/arm-none-eabi/9.3.1/../../../../arm-none-eabi/lib/thumb/v7e-m+dp/hard/crt0.o (exit)
c:/st/stm32cubeide_1.7.0/stm32cubeide/plugins/com.st.stm32cube.ide.mcu.externaltools.gnu-tools-for-stm32.9-2020-q2-update.win32_2.0.0.202105311346/tools/bin/../lib/gcc/arm-none-eabi/9.3.1/../../../../arm-none-eabi/lib/thumb/v7e-m+dp/hard\libc_nano.a(lib_a-impure.o)
                              c:/st/stm32cubeide_1.7.0/stm32cubeide/plugins/com.st.stm32cube.ide.mcu.externaltools.gnu-tools-for-stm32.9-2020-q2-update.win32_2.0.0.202105311346/tools/bin/../lib/gcc/arm-none-eabi/9.3.1/../../../../arm-none-eabi/lib/thumb/v7e-m+dp/hard\libc_nano.a(lib_a-exit.o) (_global_impure_ptr)
c:/st/stm32cubeide_1.7.0/stm32cubeide/plugins/com.st.stm32cube.ide.mcu.externaltools.gnu-tools-for-stm32.9-2020-q2-update.win32_2.0.0.202105311346/tools/bin/../lib/gcc/arm-none-eabi/9.3.1/../../../../arm-none-eabi/lib/thumb/v7e-m+dp/hard\libc_nano.a(lib_a-init.o)
                              c:/st/stm32cubeide_1.7.0/stm32cubeide/plugins/com.st.stm32cube.ide.mcu.externaltools.gnu-tools-for-stm32.9-2020-q2-update.win32_2.0.0.202105311346/tools/bin/../lib/gcc/arm-none-eabi/9.3.1/../../../../arm-none-eabi/lib/thumb/v7e-m+dp/hard/crt0.o (__libc_init_array)
c:/st/stm32cubeide_1.7.0/stm32cubeide/plugins/com.st.stm32cube.ide.mcu.externaltools.gnu-tools-for-stm32.9-2020-q2-update.win32_2.0.0.202105311346/tools/bin/../lib/gcc/arm-none-eabi/9.3.1/../../../../arm-none-eabi/lib/thumb/v7e-m+dp/hard\libc_nano.a(lib_a-malloc.o)
                              ./Drivers/st7789/fonts.o (malloc)
c:/st/stm32cubeide_1.7.0/stm32cubeide/plugins/com.st.stm32cube.ide.mcu.externaltools.gnu-tools-for-stm32.9-2020-q2-update.win32_2.0.0.202105311346/tools/bin/../lib/gcc/arm-none-eabi/9.3.1/../../../../arm-none-eabi/lib/thumb/v7e-m+dp/hard\libc_nano.a(lib_a-memset.o)
                              c:/st/stm32cubeide_1.7.0/stm32cubeide/plugins/com.st.stm32cube.ide.mcu.externaltools.gnu-tools-for-stm32.9-2020-q2-update.win32_2.0.0.202105311346/tools/bin/../lib/gcc/arm-none-eabi/9.3.1/../../../../arm-none-eabi/lib/thumb/v7e-m+dp/hard/crt0.o (memset)
c:/st/stm32cubeide_1.7.0/stm32cubeide/plugins/com.st.stm32cube.ide.mcu.externaltools.gnu-tools-for-stm32.9-2020-q2-update.win32_2.0.0.202105311346/tools/bin/../lib/gcc/arm-none-eabi/9.3.1/../../../../arm-none-eabi/lib/thumb/v7e-m+dp/hard\libc_nano.a(lib_a-nano-freer.o)
                              c:/st/stm32cubeide_1.7.0/stm32cubeide/plugins/com.st.stm32cube.ide.mcu.externaltools.gnu-tools-for-stm32.9-2020-q2-update.win32_2.0.0.202105311346/tools/bin/../lib/gcc/arm-none-eabi/9.3.1/../../../../arm-none-eabi/lib/thumb/v7e-m+dp/hard\libc_nano.a(lib_a-malloc.o) (_free_r)
c:/st/stm32cubeide_1.7.0/stm32cubeide/plugins/com.st.stm32cube.ide.mcu.externaltools.gnu-tools-for-stm32.9-2020-q2-update.win32_2.0.0.202105311346/tools/bin/../lib/gcc/arm-none-eabi/9.3.1/../../../../arm-none-eabi/lib/thumb/v7e-m+dp/hard\libc_nano.a(lib_a-nano-mallocr.o)
                              c:/st/stm32cubeide_1.7.0/stm32cubeide/plugins/com.st.stm32cube.ide.mcu.externaltools.gnu-tools-for-stm32.9-2020-q2-update.win32_2.0.0.202105311346/tools/bin/../lib/gcc/arm-none-eabi/9.3.1/../../../../arm-none-eabi/lib/thumb/v7e-m+dp/hard\libc_nano.a(lib_a-malloc.o) (_malloc_r)
c:/st/stm32cubeide_1.7.0/stm32cubeide/plugins/com.st.stm32cube.ide.mcu.externaltools.gnu-tools-for-stm32.9-2020-q2-update.win32_2.0.0.202105311346/tools/bin/../lib/gcc/arm-none-eabi/9.3.1/../../../../arm-none-eabi/lib/thumb/v7e-m+dp/hard\libc_nano.a(lib_a-sbrkr.o)
                              c:/st/stm32cubeide_1.7.0/stm32cubeide/plugins/com.st.stm32cube.ide.mcu.externaltools.gnu-tools-for-stm32.9-2020-q2-update.win32_2.0.0.202105311346/tools/bin/../lib/gcc/arm-none-eabi/9.3.1/../../../../arm-none-eabi/lib/thumb/v7e-m+dp/hard\libc_nano.a(lib_a-nano-mallocr.o) (_sbrk_r)
c:/st/stm32cubeide_1.7.0/stm32cubeide/plugins/com.st.stm32cube.ide.mcu.externaltools.gnu-tools-for-stm32.9-2020-q2-update.win32_2.0.0.202105311346/tools/bin/../lib/gcc/arm-none-eabi/9.3.1/../../../../arm-none-eabi/lib/thumb/v7e-m+dp/hard\libc_nano.a(lib_a-strcat.o)
[...]
Memory Configuration

Name             Origin             Length             Attributes
FLASH            0x0000000008000000 0x0000000000200000 xr
DTCMRAM          0x0000000020000000 0x0000000000020000 xrw
RAM_D1           0x0000000024000000 0x0000000000080000 xrw
RAM_D2           0x0000000030000000 0x0000000000048000 xrw
RAM_D3           0x0000000038000000 0x0000000000010000 xrw
ITCMRAM          0x0000000000000000 0x0000000000010000 xrw
*default*        0x0000000000000000 0xffffffffffffffff

Linker script and memory map

LOAD c:/st/stm32cubeide_1.7.0/stm32cubeide/plugins/com.st.stm32cube.ide.mcu.externaltools.gnu-tools-for-stm32.9-2020-q2-update.win32_2.0.0.202105311346/tools/bin/../lib/gcc/arm-none-eabi/9.3.1/thumb/v7e-m+dp/hard/crti.o
LOAD c:/st/stm32cubeide_1.7.0/stm32cubeide/plugins/com.st.stm32cube.ide.mcu.externaltools.gnu-tools-for-stm32.9-2020-q2-update.win32_2.0.0.202105311346/tools/bin/../lib/gcc/arm-none-eabi/9.3.1/thumb/v7e-m+dp/hard/crtbegin.o
LOAD c:/st/stm32cubeide_1.7.0/stm32cubeide/plugins/com.st.stm32cube.ide.mcu.externaltools.gnu-tools-for-stm32.9-2020-q2-update.win32_2.0.0.202105311346/tools/bin/../lib/gcc/arm-none-eabi/9.3.1/../../../../arm-none-eabi/lib/thumb/v7e-m+dp/hard/crt0.o
LOAD ./Core/Src/bmp.o
LOAD ./Core/Src/gpio.o
LOAD ./Core/Src/main.o
LOAD ./Core/Src/sdmmc.o
LOAD ./Core/Src/spi.o
LOAD ./Core/Src/stm32h7xx_hal_msp.o
LOAD ./Core/Src/stm32h7xx_it.o
LOAD ./Core/Src/syscalls.o
LOAD ./Core/Src/sysmem.o
LOAD ./Core/Src/system_stm32h7xx.o
LOAD ./Core/Startup/startup_stm32h743vitx.o
LOAD ./Drivers/STM32H7xx_HAL_Driver/Src/stm32h7xx_hal.o
LOAD ./Drivers/STM32H7xx_HAL_Driver/Src/stm32h7xx_hal_cortex.o
LOAD ./Drivers/STM32H7xx_HAL_Driver/Src/stm32h7xx_hal_dma.o
LOAD ./Drivers/STM32H7xx_HAL_Driver/Src/stm32h7xx_hal_dma_ex.o
LOAD ./Drivers/STM32H7xx_HAL_Driver/Src/stm32h7xx_hal_exti.o
LOAD ./Drivers/STM32H7xx_HAL_Driver/Src/stm32h7xx_hal_flash.o
LOAD ./Drivers/STM32H7xx_HAL_Driver/Src/stm32h7xx_hal_flash_ex.o
LOAD ./Drivers/STM32H7xx_HAL_Driver/Src/stm32h7xx_hal_gpio.o
LOAD ./Drivers/STM32H7xx_HAL_Driver/Src/stm32h7xx_hal_hsem.o
LOAD ./Drivers/STM32H7xx_HAL_Driver/Src/stm32h7xx_hal_i2c.o
LOAD ./Drivers/STM32H7xx_HAL_Driver/Src/stm32h7xx_hal_i2c_ex.o
LOAD ./Drivers/STM32H7xx_HAL_Driver/Src/stm32h7xx_hal_mdma.o
LOAD ./Drivers/STM32H7xx_HAL_Driver/Src/stm32h7xx_hal_pwr.o
LOAD ./Drivers/STM32H7xx_HAL_Driver/Src/stm32h7xx_hal_pwr_ex.o
LOAD ./Drivers/STM32H7xx_HAL_Driver/Src/stm32h7xx_hal_rcc.o
LOAD ./Drivers/STM32H7xx_HAL_Driver/Src/stm32h7xx_hal_rcc_ex.o
LOAD ./Drivers/STM32H7xx_HAL_Driver/Src/stm32h7xx_hal_sd.o
LOAD ./Drivers/STM32H7xx_HAL_Driver/Src/stm32h7xx_hal_sd_ex.o
LOAD ./Drivers/STM32H7xx_HAL_Driver/Src/stm32h7xx_hal_spi.o
LOAD ./Drivers/STM32H7xx_HAL_Driver/Src/stm32h7xx_hal_spi_ex.o
LOAD ./Drivers/STM32H7xx_HAL_Driver/Src/stm32h7xx_hal_tim.o
LOAD ./Drivers/STM32H7xx_HAL_Driver/Src/stm32h7xx_hal_tim_ex.o
LOAD ./Drivers/STM32H7xx_HAL_Driver/Src/stm32h7xx_ll_delayblock.o
LOAD ./Drivers/STM32H7xx_HAL_Driver/Src/stm32h7xx_ll_sdmmc.o
LOAD ./Drivers/st7789/fonts.o
LOAD ./Drivers/st7789/st7789.o
LOAD ./FATFS/App/fatfs.o
LOAD ./FATFS/Target/bsp_driver_sd.o
LOAD ./FATFS/Target/sd_diskio.o
LOAD ./Middlewares/Third_Party/FatFs/src/diskio.o
LOAD ./Middlewares/Third_Party/FatFs/src/ff.o
LOAD ./Middlewares/Third_Party/FatFs/src/ff_gen_drv.o
LOAD ./Middlewares/Third_Party/FatFs/src/option/ccsbcs.o
LOAD ./Middlewares/Third_Party/FatFs/src/option/syscall.o
START GROUP
LOAD c:/st/stm32cubeide_1.7.0/stm32cubeide/plugins/com.st.stm32cube.ide.mcu.externaltools.gnu-tools-for-stm32.9-2020-q2-update.win32_2.0.0.202105311346/tools/bin/../lib/gcc/arm-none-eabi/9.3.1/../../../../arm-none-eabi/lib/thumb/v7e-m+dp/hard\libc_nano.a
LOAD c:/st/stm32cubeide_1.7.0/stm32cubeide/plugins/com.st.stm32cube.ide.mcu.externaltools.gnu-tools-for-stm32.9-2020-q2-update.win32_2.0.0.202105311346/tools/bin/../lib/gcc/arm-none-eabi/9.3.1/../../../../arm-none-eabi/lib/thumb/v7e-m+dp/hard\libm.a
END GROUP
START GROUP
LOAD c:/st/stm32cubeide_1.7.0/stm32cubeide/plugins/com.st.stm32cube.ide.mcu.externaltools.gnu-tools-for-stm32.9-2020-q2-update.win32_2.0.0.202105311346/tools/bin/../lib/gcc/arm-none-eabi/9.3.1/thumb/v7e-m+dp/hard\libgcc.a
LOAD c:/st/stm32cubeide_1.7.0/stm32cubeide/plugins/com.st.stm32cube.ide.mcu.externaltools.gnu-tools-for-stm32.9-2020-q2-update.win32_2.0.0.202105311346/tools/bin/../lib/gcc/arm-none-eabi/9.3.1/../../../../arm-none-eabi/lib/thumb/v7e-m+dp/hard\libc_nano.a
END GROUP
START GROUP
LOAD c:/st/stm32cubeide_1.7.0/stm32cubeide/plugins/com.st.stm32cube.ide.mcu.externaltools.gnu-tools-for-stm32.9-2020-q2-update.win32_2.0.0.202105311346/tools/bin/../lib/gcc/arm-none-eabi/9.3.1/thumb/v7e-m+dp/hard\libgcc.a
LOAD c:/st/stm32cubeide_1.7.0/stm32cubeide/plugins/com.st.stm32cube.ide.mcu.externaltools.gnu-tools-for-stm32.9-2020-q2-update.win32_2.0.0.202105311346/tools/bin/../lib/gcc/arm-none-eabi/9.3.1/../../../../arm-none-eabi/lib/thumb/v7e-m+dp/hard\libc_nano.a
LOAD c:/st/stm32cubeide_1.7.0/stm32cubeide/plugins/com.st.stm32cube.ide.mcu.externaltools.gnu-tools-for-stm32.9-2020-q2-update.win32_2.0.0.202105311346/tools/bin/../lib/gcc/arm-none-eabi/9.3.1/../../../../arm-none-eabi/lib/thumb/v7e-m+dp/hard\libnosys.a
END GROUP
START GROUP
LOAD c:/st/stm32cubeide_1.7.0/stm32cubeide/plugins/com.st.stm32cube.ide.mcu.externaltools.gnu-tools-for-stm32.9-2020-q2-update.win32_2.0.0.202105311346/tools/bin/../lib/gcc/arm-none-eabi/9.3.1/thumb/v7e-m+dp/hard\libgcc.a
LOAD c:/st/stm32cubeide_1.7.0/stm32cubeide/plugins/com.st.stm32cube.ide.mcu.externaltools.gnu-tools-for-stm32.9-2020-q2-update.win32_2.0.0.202105311346/tools/bin/../lib/gcc/arm-none-eabi/9.3.1/../../../../arm-none-eabi/lib/thumb/v7e-m+dp/hard\libc_nano.a
LOAD c:/st/stm32cubeide_1.7.0/stm32cubeide/plugins/com.st.stm32cube.ide.mcu.externaltools.gnu-tools-for-stm32.9-2020-q2-update.win32_2.0.0.202105311346/tools/bin/../lib/gcc/arm-none-eabi/9.3.1/../../../../arm-none-eabi/lib/thumb/v7e-m+dp/hard\libnosys.a
END GROUP
LOAD c:/st/stm32cubeide_1.7.0/stm32cubeide/plugins/com.st.stm32cube.ide.mcu.externaltools.gnu-tools-for-stm32.9-2020-q2-update.win32_2.0.0.202105311346/tools/bin/../lib/gcc/arm-none-eabi/9.3.1/thumb/v7e-m+dp/hard/crtend.o
LOAD c:/st/stm32cubeide_1.7.0/stm32cubeide/plugins/com.st.stm32cube.ide.mcu.externaltools.gnu-tools-for-stm32.9-2020-q2-update.win32_2.0.0.202105311346/tools/bin/../lib/gcc/arm-none-eabi/9.3.1/thumb/v7e-m+dp/hard/crtn.o
                0x0000000024080000                _estack = (ORIGIN (RAM_D1) + LENGTH (RAM_D1))
                0x0000000000000200                _Min_Heap_Size = 0x200
                0x0000000000000400                _Min_Stack_Size = 0x400

.isr_vector     0x0000000008000000      0x298
                0x0000000008000000                . = ALIGN (0x4)
 *(.isr_vector)
 .isr_vector    0x0000000008000000      0x298 ./Core/Startup/startup_stm32h743vitx.o
                0x0000000008000000                g_pfnVectors
                0x0000000008000298                . = ALIGN (0x4)

.text           0x0000000008000298     0x94f8
                0x0000000008000298                . = ALIGN (0x4)
 *(.text)
 .text          0x0000000008000298       0x40 c:/st/stm32cubeide_1.7.0/stm32cubeide/plugins/com.st.stm32cube.ide.mcu.externaltools.gnu-tools-for-stm32.9-2020-q2-update.win32_2.0.0.202105311346/tools/bin/../lib/gcc/arm-none-eabi/9.3.1/thumb/v7e-m+dp/hard/crtbegin.o
 .text          0x00000000080002d8       0x10 c:/st/stm32cubeide_1.7.0/stm32cubeide/plugins/com.st.stm32cube.ide.mcu.externaltools.gnu-tools-for-stm32.9-2020-q2-update.win32_2.0.0.202105311346/tools/bin/../lib/gcc/arm-none-eabi/9.3.1/../../../../arm-none-eabi/lib/thumb/v7e-m+dp/hard\libc_nano.a(lib_a-strlen.o)
                0x00000000080002d8                strlen
 *(.text*)
 .text.DrawBMPImageFile
                0x00000000080002e8      0x13c ./Core/Src/bmp.o
                0x00000000080002e8                DrawBMPImageFile
 .text.MX_GPIO_Init
                0x0000000008000424       0xc8 ./Core/Src/gpio.o
                0x0000000008000424                MX_GPIO_Init
 .text.SystemClock_Config
                0x00000000080004ec       0xd0 ./Core/Src/main.o
                0x00000000080004ec                SystemClock_Config
 .text.startup.main
                0x00000000080005bc      0x2c4 ./Core/Src/main.o
                0x00000000080005bc                main
 .text.Error_Handler
                0x0000000008000880        0x4 ./Core/Src/main.o
                0x0000000008000880                Error_Handler
 .text.MX_SDMMC1_SD_Init
                0x0000000008000884       0x28 ./Core/Src/sdmmc.o
                0x0000000008000884                MX_SDMMC1_SD_Init
 .text.HAL_SD_MspInit
                0x00000000080008ac      0x100 ./Core/Src/sdmmc.o
                0x00000000080008ac                HAL_SD_MspInit
 .text.MX_SPI2_Init
                0x00000000080009ac       0x64 ./Core/Src/spi.o
                0x00000000080009ac                MX_SPI2_Init
 .text.HAL_SPI_MspInit
                0x0000000008000a10       0xa0 ./Core/Src/spi.o
                0x0000000008000a10                HAL_SPI_MspInit
 .text.HAL_MspInit
                0x0000000008000ab0       0x24 ./Core/Src/stm32h7xx_hal_msp.o
                0x0000000008000ab0                HAL_MspInit
 .text.NMI_Handler
                0x0000000008000ad4        0x4 ./Core/Src/stm32h7xx_it.o
                0x0000000008000ad4                NMI_Handler
 .text.HardFault_Handler
                0x0000000008000ad8        0x4 ./Core/Src/stm32h7xx_it.o
                0x0000000008000ad8                HardFault_Handler
 .text.MemManage_Handler
                0x0000000008000adc        0x4 ./Core/Src/stm32h7xx_it.o
                0x0000000008000adc                MemManage_Handler
 .text.BusFault_Handler
                0x0000000008000ae0        0x4 ./Core/Src/stm32h7xx_it.o
                0x0000000008000ae0                BusFault_Handler
 .text.UsageFault_Handler
                0x0000000008000ae4        0x4 ./Core/Src/stm32h7xx_it.o
                0x0000000008000ae4                UsageFault_Handler
 .text.SVC_Handler
                0x0000000008000ae8        0x4 ./Core/Src/stm32h7xx_it.o
                0x0000000008000ae8                SVC_Handler
 .text.DebugMon_Handler
                0x0000000008000aec        0x4 ./Core/Src/stm32h7xx_it.o
                0x0000000008000aec                DebugMon_Handler
 .text.PendSV_Handler
                0x0000000008000af0        0x4 ./Core/Src/stm32h7xx_it.o
                0x0000000008000af0                PendSV_Handler
 .text.SysTick_Handler
                0x0000000008000af4        0x4 ./Core/Src/stm32h7xx_it.o
                0x0000000008000af4                SysTick_Handler
 .text._sbrk    0x0000000008000af8       0x48 ./Core/Src/sysmem.o
                0x0000000008000af8                _sbrk
 .text.SystemInit
                0x0000000008000b40       0xd4 ./Core/Src/system_stm32h7xx.o
                0x0000000008000b40                SystemInit
 .text.Reset_Handler
                0x0000000008000c14       0x50 ./Core/Startup/startup_stm32h743vitx.o
                0x0000000008000c14                Reset_Handler
 .text.Default_Handler
                0x0000000008000c64        0x2 ./Core/Startup/startup_stm32h743vitx.o
                0x0000000008000c64                RTC_Alarm_IRQHandler
                0x0000000008000c64                EXTI2_IRQHandler
                0x0000000008000c64                TIM8_CC_IRQHandler
                0x0000000008000c64                HRTIM1_Master_IRQHandler
                0x0000000008000c64                UART8_IRQHandler
                0x0000000008000c64                SPI4_IRQHandler
                0x0000000008000c64                TIM1_CC_IRQHandler
                0x0000000008000c64                BDMA_Channel6_IRQHandler
                0x0000000008000c64                DMA2_Stream5_IRQHandler
                0x0000000008000c64                HRTIM1_FLT_IRQHandler
                0x0000000008000c64                JPEG_IRQHandler
                0x0000000008000c64                DMA1_Stream5_IRQHandler
                0x0000000008000c64                BDMA_Channel1_IRQHandler
                0x0000000008000c64                HRTIM1_TIMD_IRQHandler
                0x0000000008000c64                TAMP_STAMP_IRQHandler
                0x0000000008000c64                EXTI3_IRQHandler
                0x0000000008000c64                LPTIM4_IRQHandler
                0x0000000008000c64                TIM8_TRG_COM_TIM14_IRQHandler
                0x0000000008000c64                LPTIM2_IRQHandler
                0x0000000008000c64                DFSDM1_FLT1_IRQHandler
                0x0000000008000c64                DMAMUX2_OVR_IRQHandler
                0x0000000008000c64                TIM8_UP_TIM13_IRQHandler
                0x0000000008000c64                I2C3_ER_IRQHandler
                0x0000000008000c64                DFSDM1_FLT2_IRQHandler
                0x0000000008000c64                MDMA_IRQHandler
                0x0000000008000c64                LPTIM3_IRQHandler
                0x0000000008000c64                HSEM1_IRQHandler
                0x0000000008000c64                EXTI0_IRQHandler
                0x0000000008000c64                I2C2_EV_IRQHandler
                0x0000000008000c64                DMA1_Stream2_IRQHandler
                0x0000000008000c64                FPU_IRQHandler
                0x0000000008000c64                OTG_HS_WKUP_IRQHandler
                0x0000000008000c64                FDCAN1_IT1_IRQHandler
                0x0000000008000c64                LTDC_ER_IRQHandler
                0x0000000008000c64                DMA2_Stream2_IRQHandler
                0x0000000008000c64                HRTIM1_TIME_IRQHandler
                0x0000000008000c64                SPI1_IRQHandler
                0x0000000008000c64                TIM6_DAC_IRQHandler
                0x0000000008000c64                DCMI_IRQHandler
                0x0000000008000c64                HRTIM1_TIMC_IRQHandler
                0x0000000008000c64                DMA2_Stream3_IRQHandler
                0x0000000008000c64                SAI2_IRQHandler
                0x0000000008000c64                DFSDM1_FLT3_IRQHandler
                0x0000000008000c64                USART6_IRQHandler
                0x0000000008000c64                TIM17_IRQHandler
                0x0000000008000c64                USART3_IRQHandler
                0x0000000008000c64                BDMA_Channel7_IRQHandler
                0x0000000008000c64                LPTIM5_IRQHandler
                0x0000000008000c64                UART5_IRQHandler
                0x0000000008000c64                ADC3_IRQHandler
                0x0000000008000c64                DMA2_Stream0_IRQHandler
                0x0000000008000c64                TIM4_IRQHandler
                0x0000000008000c64                BDMA_Channel2_IRQHandler
                0x0000000008000c64                QUADSPI_IRQHandler
                0x0000000008000c64                I2C1_EV_IRQHandler
                0x0000000008000c64                DMA1_Stream6_IRQHandler
                0x0000000008000c64                DMAMUX1_OVR_IRQHandler
                0x0000000008000c64                DMA1_Stream1_IRQHandler
                0x0000000008000c64                TIM16_IRQHandler
                0x0000000008000c64                UART4_IRQHandler
                0x0000000008000c64                BDMA_Channel5_IRQHandler
                0x0000000008000c64                TIM3_IRQHandler
                0x0000000008000c64                RCC_IRQHandler
                0x0000000008000c64                TIM8_BRK_TIM12_IRQHandler
                0x0000000008000c64                TIM1_TRG_COM_IRQHandler
                0x0000000008000c64                Default_Handler
                0x0000000008000c64                ECC_IRQHandler
                0x0000000008000c64                CEC_IRQHandler
                0x0000000008000c64                EXTI15_10_IRQHandler
                0x0000000008000c64                BDMA_Channel0_IRQHandler
                0x0000000008000c64                ADC_IRQHandler
                0x0000000008000c64                DMA1_Stream7_IRQHandler
                0x0000000008000c64                HRTIM1_TIMA_IRQHandler
                0x0000000008000c64                SPI5_IRQHandler
                0x0000000008000c64                TIM7_IRQHandler
                0x0000000008000c64                SDMMC1_IRQHandler
                0x0000000008000c64                TIM5_IRQHandler
                0x0000000008000c64                DMA2_Stream7_IRQHandler
                0x0000000008000c64                TIM15_IRQHandler
                0x0000000008000c64                PVD_AVD_IRQHandler
                0x0000000008000c64                I2C3_EV_IRQHandler
                0x0000000008000c64                EXTI9_5_IRQHandler
                0x0000000008000c64                RTC_WKUP_IRQHandler
                0x0000000008000c64                LTDC_IRQHandler
                0x0000000008000c64                SAI3_IRQHandler
                0x0000000008000c64                ETH_WKUP_IRQHandler
                0x0000000008000c64                SPDIF_RX_IRQHandler
                0x0000000008000c64                SPI2_IRQHandler
                0x0000000008000c64                OTG_HS_EP1_IN_IRQHandler
                0x0000000008000c64                DMA1_Stream0_IRQHandler
                0x0000000008000c64                CRS_IRQHandler
                0x0000000008000c64                EXTI4_IRQHandler
                0x0000000008000c64                RNG_IRQHandler
                0x0000000008000c64                HRTIM1_TIMB_IRQHandler
                0x0000000008000c64                FDCAN2_IT1_IRQHandler
                0x0000000008000c64                ETH_IRQHandler
                0x0000000008000c64                TIM1_UP_IRQHandler
                0x0000000008000c64                BDMA_Channel4_IRQHandler
                0x0000000008000c64                OTG_HS_EP1_OUT_IRQHandler
                0x0000000008000c64                WWDG_IRQHandler
                0x0000000008000c64                SPI6_IRQHandler
                0x0000000008000c64                MDIOS_IRQHandler
                0x0000000008000c64                I2C4_EV_IRQHandler
                0x0000000008000c64                FDCAN2_IT0_IRQHandler
                0x0000000008000c64                LPUART1_IRQHandler
                0x0000000008000c64                FDCAN1_IT0_IRQHandler
                0x0000000008000c64                TIM2_IRQHandler
                0x0000000008000c64                OTG_FS_WKUP_IRQHandler
                0x0000000008000c64                OTG_HS_IRQHandler
                0x0000000008000c64                DMA2D_IRQHandler
                0x0000000008000c64                TIM1_BRK_IRQHandler
                0x0000000008000c64                EXTI1_IRQHandler
                0x0000000008000c64                SDMMC2_IRQHandler
                0x0000000008000c64                OTG_FS_EP1_OUT_IRQHandler
                0x0000000008000c64                BDMA_Channel3_IRQHandler
                0x0000000008000c64                UART7_IRQHandler
                0x0000000008000c64                MDIOS_WKUP_IRQHandler
                0x0000000008000c64                USART2_IRQHandler
                0x0000000008000c64                DFSDM1_FLT0_IRQHandler
                0x0000000008000c64                SAI4_IRQHandler
                0x0000000008000c64                I2C2_ER_IRQHandler
                0x0000000008000c64                DMA2_Stream1_IRQHandler
                0x0000000008000c64                FLASH_IRQHandler
                0x0000000008000c64                DMA2_Stream4_IRQHandler
                0x0000000008000c64                USART1_IRQHandler
                0x0000000008000c64                OTG_FS_IRQHandler
                0x0000000008000c64                SPI3_IRQHandler
                0x0000000008000c64                WAKEUP_PIN_IRQHandler
                0x0000000008000c64                DMA1_Stream4_IRQHandler
                0x0000000008000c64                OTG_FS_EP1_IN_IRQHandler
                0x0000000008000c64                I2C1_ER_IRQHandler
                0x0000000008000c64                FMC_IRQHandler
                0x0000000008000c64                FDCAN_CAL_IRQHandler
                0x0000000008000c64                SWPMI1_IRQHandler
                0x0000000008000c64                COMP1_IRQHandler
                0x0000000008000c64                LPTIM1_IRQHandler
                0x0000000008000c64                I2C4_ER_IRQHandler
                0x0000000008000c64                DMA2_Stream6_IRQHandler
                0x0000000008000c64                SAI1_IRQHandler
                0x0000000008000c64                DMA1_Stream3_IRQHandler
 *fill*         0x0000000008000c66        0x2 
 .text.HAL_InitTick
                0x0000000008000c68       0x4c ./Drivers/STM32H7xx_HAL_Driver/Src/stm32h7xx_hal.o
                0x0000000008000c68                HAL_InitTick
 .text.HAL_Init
                0x0000000008000cb4       0x60 ./Drivers/STM32H7xx_HAL_Driver/Src/stm32h7xx_hal.o
                0x0000000008000cb4                HAL_Init
 .text.HAL_IncTick
                0x0000000008000d14       0x18 ./Drivers/STM32H7xx_HAL_Driver/Src/stm32h7xx_hal.o
                0x0000000008000d14                HAL_IncTick
 .text.HAL_GetTick
                0x0000000008000d2c        0xc ./Drivers/STM32H7xx_HAL_Driver/Src/stm32h7xx_hal.o
                0x0000000008000d2c                HAL_GetTick
 .text.HAL_Delay
                0x0000000008000d38       0x24 ./Drivers/STM32H7xx_HAL_Driver/Src/stm32h7xx_hal.o
                0x0000000008000d38                HAL_Delay
 .text.HAL_GetREVID
                0x0000000008000d5c        0xc ./Drivers/STM32H7xx_HAL_Driver/Src/stm32h7xx_hal.o
                0x0000000008000d5c                HAL_GetREVID
 .text.HAL_NVIC_SetPriorityGrouping
                0x0000000008000d68       0x28 ./Drivers/STM32H7xx_HAL_Driver/Src/stm32h7xx_hal_cortex.o
                0x0000000008000d68                HAL_NVIC_SetPriorityGrouping
 .text.HAL_NVIC_SetPriority
                0x0000000008000d90       0x74 ./Drivers/STM32H7xx_HAL_Driver/Src/stm32h7xx_hal_cortex.o
                0x0000000008000d90                HAL_NVIC_SetPriority
 .text.HAL_SYSTICK_Config
                0x0000000008000e04       0x30 ./Drivers/STM32H7xx_HAL_Driver/Src/stm32h7xx_hal_cortex.o
                0x0000000008000e04                HAL_SYSTICK_Config
 .text.HAL_GPIO_Init
                0x0000000008000e34      0x23c ./Drivers/STM32H7xx_HAL_Driver/Src/stm32h7xx_hal_gpio.o
                0x0000000008000e34                HAL_GPIO_Init
 .text.HAL_GPIO_WritePin
                0x0000000008001070        0x8 ./Drivers/STM32H7xx_HAL_Driver/Src/stm32h7xx_hal_gpio.o
                0x0000000008001070                HAL_GPIO_WritePin
 .text.HAL_PWREx_ConfigSupply
                0x0000000008001078       0x4c ./Drivers/STM32H7xx_HAL_Driver/Src/stm32h7xx_hal_pwr_ex.o
                0x0000000008001078                HAL_PWREx_ConfigSupply
 .text.HAL_RCC_GetSysClockFreq.part.0
                0x00000000080010c4      0x108 ./Drivers/STM32H7xx_HAL_Driver/Src/stm32h7xx_hal_rcc.o
 .text.HAL_RCC_OscConfig
                0x00000000080011cc      0x5ec ./Drivers/STM32H7xx_HAL_Driver/Src/stm32h7xx_hal_rcc.o
                0x00000000080011cc                HAL_RCC_OscConfig
 .text.HAL_RCC_GetSysClockFreq
                0x00000000080017b8      0x140 ./Drivers/STM32H7xx_HAL_Driver/Src/stm32h7xx_hal_rcc.o
                0x00000000080017b8                HAL_RCC_GetSysClockFreq
 .text.HAL_RCC_ClockConfig
                0x00000000080018f8      0x254 ./Drivers/STM32H7xx_HAL_Driver/Src/stm32h7xx_hal_rcc.o
                0x00000000080018f8                HAL_RCC_ClockConfig
 .text.HAL_RCC_GetHCLKFreq
                0x0000000008001b4c       0x80 ./Drivers/STM32H7xx_HAL_Driver/Src/stm32h7xx_hal_rcc.o
                0x0000000008001b4c                HAL_RCC_GetHCLKFreq
 .text.RCCEx_PLL2_Config
                0x0000000008001bcc       0xf8 ./Drivers/STM32H7xx_HAL_Driver/Src/stm32h7xx_hal_rcc_ex.o
 .text.RCCEx_PLL3_Config
                0x0000000008001cc4       0xf8 ./Drivers/STM32H7xx_HAL_Driver/Src/stm32h7xx_hal_rcc_ex.o
 .text.HAL_RCCEx_PeriphCLKConfig
                0x0000000008001dbc      0xaac ./Drivers/STM32H7xx_HAL_Driver/Src/stm32h7xx_hal_rcc_ex.o
                0x0000000008001dbc                HAL_RCCEx_PeriphCLKConfig
 .text.HAL_RCCEx_GetPLL2ClockFreq
                0x0000000008002868      0x158 ./Drivers/STM32H7xx_HAL_Driver/Src/stm32h7xx_hal_rcc_ex.o
                0x0000000008002868                HAL_RCCEx_GetPLL2ClockFreq
 .text.HAL_RCCEx_GetPLL3ClockFreq
                0x00000000080029c0      0x158 ./Drivers/STM32H7xx_HAL_Driver/Src/stm32h7xx_hal_rcc_ex.o
                0x00000000080029c0                HAL_RCCEx_GetPLL3ClockFreq
 .text.HAL_RCCEx_GetPLL1ClockFreq
                0x0000000008002b18      0x158 ./Drivers/STM32H7xx_HAL_Driver/Src/stm32h7xx_hal_rcc_ex.o
                0x0000000008002b18                HAL_RCCEx_GetPLL1ClockFreq
 .text.HAL_RCCEx_GetPeriphCLKFreq
                0x0000000008002c70      0x304 ./Drivers/STM32H7xx_HAL_Driver/Src/stm32h7xx_hal_rcc_ex.o
                0x0000000008002c70                HAL_RCCEx_GetPeriphCLKFreq
 .text.SD_FindSCR
                0x0000000008002f74       0xdc ./Drivers/STM32H7xx_HAL_Driver/Src/stm32h7xx_hal_sd.o
 .text.HAL_SD_ReadBlocks
                0x0000000008003050      0x23c ./Drivers/STM32H7xx_HAL_Driver/Src/stm32h7xx_hal_sd.o
                0x0000000008003050                HAL_SD_ReadBlocks
 .text.HAL_SD_WriteBlocks
                0x000000000800328c      0x1d8 ./Drivers/STM32H7xx_HAL_Driver/Src/stm32h7xx_hal_sd.o
                0x000000000800328c                HAL_SD_WriteBlocks
 .text.HAL_SD_GetCardCSD
                0x0000000008003464      0x174 ./Drivers/STM32H7xx_HAL_Driver/Src/stm32h7xx_hal_sd.o
                0x0000000008003464                HAL_SD_GetCardCSD
 .text.HAL_SD_InitCard
                0x00000000080035d8      0x240 ./Drivers/STM32H7xx_HAL_Driver/Src/stm32h7xx_hal_sd.o
                0x00000000080035d8                HAL_SD_InitCard
 .text.HAL_SD_GetCardStatus
                0x0000000008003818      0x1a0 ./Drivers/STM32H7xx_HAL_Driver/Src/stm32h7xx_hal_sd.o
                0x0000000008003818                HAL_SD_GetCardStatus
 .text.HAL_SD_GetCardInfo
                0x00000000080039b8       0x28 ./Drivers/STM32H7xx_HAL_Driver/Src/stm32h7xx_hal_sd.o
                0x00000000080039b8                HAL_SD_GetCardInfo
 .text.HAL_SD_ConfigWideBusOperation
                0x00000000080039e0      0x1bc ./Drivers/STM32H7xx_HAL_Driver/Src/stm32h7xx_hal_sd.o
                0x00000000080039e0                HAL_SD_ConfigWideBusOperation
 .text.HAL_SD_Init
                0x0000000008003b9c       0xc8 ./Drivers/STM32H7xx_HAL_Driver/Src/stm32h7xx_hal_sd.o
                0x0000000008003b9c                HAL_SD_Init
 .text.HAL_SD_GetCardState
                0x0000000008003c64       0x28 ./Drivers/STM32H7xx_HAL_Driver/Src/stm32h7xx_hal_sd.o
                0x0000000008003c64                HAL_SD_GetCardState
 .text.HAL_SPI_Init
                0x0000000008003c8c      0x174 ./Drivers/STM32H7xx_HAL_Driver/Src/stm32h7xx_hal_spi.o
                0x0000000008003c8c                HAL_SPI_Init
 .text.SDMMC_Init
                0x0000000008003e00       0x34 ./Drivers/STM32H7xx_HAL_Driver/Src/stm32h7xx_ll_sdmmc.o
                0x0000000008003e00                SDMMC_Init
 .text.SDMMC_ReadFIFO
                0x0000000008003e34        0x8 ./Drivers/STM32H7xx_HAL_Driver/Src/stm32h7xx_ll_sdmmc.o
                0x0000000008003e34                SDMMC_ReadFIFO
 .text.SDMMC_WriteFIFO
                0x0000000008003e3c        0xc ./Drivers/STM32H7xx_HAL_Driver/Src/stm32h7xx_ll_sdmmc.o
                0x0000000008003e3c                SDMMC_WriteFIFO
 .text.SDMMC_PowerState_ON
                0x0000000008003e48       0x10 ./Drivers/STM32H7xx_HAL_Driver/Src/stm32h7xx_ll_sdmmc.o
                0x0000000008003e48                SDMMC_PowerState_ON
 .text.SDMMC_GetPowerState
                0x0000000008003e58        0x8 ./Drivers/STM32H7xx_HAL_Driver/Src/stm32h7xx_ll_sdmmc.o
                0x0000000008003e58                SDMMC_GetPowerState
 .text.SDMMC_GetResponse
                0x0000000008003e60        0x8 ./Drivers/STM32H7xx_HAL_Driver/Src/stm32h7xx_ll_sdmmc.o
                0x0000000008003e60                SDMMC_GetResponse
 .text.SDMMC_ConfigData
                0x0000000008003e68       0x2c ./Drivers/STM32H7xx_HAL_Driver/Src/stm32h7xx_ll_sdmmc.o
                0x0000000008003e68                SDMMC_ConfigData
 .text.SDMMC_CmdBlockLength
                0x0000000008003e94      0x148 ./Drivers/STM32H7xx_HAL_Driver/Src/stm32h7xx_ll_sdmmc.o
                0x0000000008003e94                SDMMC_CmdBlockLength
 .text.SDMMC_CmdReadSingleBlock
                0x0000000008003fdc      0x148 ./Drivers/STM32H7xx_HAL_Driver/Src/stm32h7xx_ll_sdmmc.o
                0x0000000008003fdc                SDMMC_CmdReadSingleBlock
 .text.SDMMC_CmdReadMultiBlock
                0x0000000008004124      0x148 ./Drivers/STM32H7xx_HAL_Driver/Src/stm32h7xx_ll_sdmmc.o
                0x0000000008004124                SDMMC_CmdReadMultiBlock
 .text.SDMMC_CmdWriteSingleBlock
                0x000000000800426c      0x148 ./Drivers/STM32H7xx_HAL_Driver/Src/stm32h7xx_ll_sdmmc.o
                0x000000000800426c                SDMMC_CmdWriteSingleBlock
 .text.SDMMC_CmdWriteMultiBlock
                0x00000000080043b4      0x148 ./Drivers/STM32H7xx_HAL_Driver/Src/stm32h7xx_ll_sdmmc.o
                0x00000000080043b4                SDMMC_CmdWriteMultiBlock
 .text.SDMMC_CmdStopTransfer
                0x00000000080044fc      0x214 ./Drivers/STM32H7xx_HAL_Driver/Src/stm32h7xx_ll_sdmmc.o
                0x00000000080044fc                SDMMC_CmdStopTransfer
 .text.SDMMC_CmdSelDesel
                0x0000000008004710      0x148 ./Drivers/STM32H7xx_HAL_Driver/Src/stm32h7xx_ll_sdmmc.o
                0x0000000008004710                SDMMC_CmdSelDesel
 .text.SDMMC_CmdGoIdleState
                0x0000000008004858       0x58 ./Drivers/STM32H7xx_HAL_Driver/Src/stm32h7xx_ll_sdmmc.o
                0x0000000008004858                SDMMC_CmdGoIdleState
 .text.SDMMC_CmdOperCond
                0x00000000080048b0       0x7c ./Drivers/STM32H7xx_HAL_Driver/Src/stm32h7xx_ll_sdmmc.o
                0x00000000080048b0                SDMMC_CmdOperCond
 .text.SDMMC_CmdAppCommand
                0x000000000800492c      0x148 ./Drivers/STM32H7xx_HAL_Driver/Src/stm32h7xx_ll_sdmmc.o
                0x000000000800492c                SDMMC_CmdAppCommand
 .text.SDMMC_CmdAppOperCommand
                0x0000000008004a74       0x70 ./Drivers/STM32H7xx_HAL_Driver/Src/stm32h7xx_ll_sdmmc.o
                0x0000000008004a74                SDMMC_CmdAppOperCommand
 .text.SDMMC_CmdBusWidth
                0x0000000008004ae4      0x148 ./Drivers/STM32H7xx_HAL_Driver/Src/stm32h7xx_ll_sdmmc.o
                0x0000000008004ae4                SDMMC_CmdBusWidth
 .text.SDMMC_CmdSendSCR
                0x0000000008004c2c      0x14c ./Drivers/STM32H7xx_HAL_Driver/Src/stm32h7xx_ll_sdmmc.o
                0x0000000008004c2c                SDMMC_CmdSendSCR
 .text.SDMMC_CmdSendCID
                0x0000000008004d78       0x78 ./Drivers/STM32H7xx_HAL_Driver/Src/stm32h7xx_ll_sdmmc.o
                0x0000000008004d78                SDMMC_CmdSendCID
 .text.SDMMC_CmdSendCSD
                0x0000000008004df0       0x74 ./Drivers/STM32H7xx_HAL_Driver/Src/stm32h7xx_ll_sdmmc.o
                0x0000000008004df0                SDMMC_CmdSendCSD
 .text.SDMMC_CmdSetRelAdd
                0x0000000008004e64       0xac ./Drivers/STM32H7xx_HAL_Driver/Src/stm32h7xx_ll_sdmmc.o
                0x0000000008004e64                SDMMC_CmdSetRelAdd
 .text.SDMMC_CmdSendStatus
                0x0000000008004f10      0x148 ./Drivers/STM32H7xx_HAL_Driver/Src/stm32h7xx_ll_sdmmc.o
                0x0000000008004f10                SDMMC_CmdSendStatus
 .text.SDMMC_CmdStatusRegister
                0x0000000008005058      0x14c ./Drivers/STM32H7xx_HAL_Driver/Src/stm32h7xx_ll_sdmmc.o
                0x0000000008005058                SDMMC_CmdStatusRegister
 .text.utf8rus  0x00000000080051a4       0x94 ./Drivers/st7789/fonts.o
                0x00000000080051a4                utf8rus
 .text.ST7789_Init
                0x0000000008005238      0x108 ./Drivers/st7789/st7789.o
                0x0000000008005238                ST7789_Init
 .text.ST7789_SetWindow
                0x0000000008005340      0x264 ./Drivers/st7789/st7789.o
                0x0000000008005340                ST7789_SetWindow
 .text.ST7789_DrawImage
                0x00000000080055a4       0xa8 ./Drivers/st7789/st7789.o
                0x00000000080055a4                ST7789_DrawImage
 .text.ST7789_FillRect
                0x000000000800564c       0xe4 ./Drivers/st7789/st7789.o
                0x000000000800564c                ST7789_FillRect
 .text.ST7789_FillScreen
                0x0000000008005730       0x28 ./Drivers/st7789/st7789.o
                0x0000000008005730                ST7789_FillScreen
 .text.ST7789_Clear
                0x0000000008005758       0x28 ./Drivers/st7789/st7789.o
                0x0000000008005758                ST7789_Clear
 .text.ST7789_DrawPixel
                0x0000000008005780       0xb0 ./Drivers/st7789/st7789.o
                0x0000000008005780                ST7789_DrawPixel
 .text.ST7789_DrawLine
                0x0000000008005830      0x130 ./Drivers/st7789/st7789.o
                0x0000000008005830                ST7789_DrawLine
 .text.ST7789_DrawChar
                0x0000000008005960      0x2dc ./Drivers/st7789/st7789.o
                0x0000000008005960                ST7789_DrawChar
 .text.ST7789_print
                0x0000000008005c3c       0x64 ./Drivers/st7789/st7789.o
                0x0000000008005c3c                ST7789_print
 .text.ST7789_rotation
                0x0000000008005ca0      0x184 ./Drivers/st7789/st7789.o
                0x0000000008005ca0                ST7789_rotation
 .text.MX_FATFS_Init
                0x0000000008005e24       0x1c ./FATFS/App/fatfs.o
                0x0000000008005e24                MX_FATFS_Init
 .text.get_fattime
                0x0000000008005e40        0x4 ./FATFS/App/fatfs.o
                0x0000000008005e40                get_fattime
 .text.BSP_SD_ReadBlocks
                0x0000000008005e44       0x24 ./FATFS/Target/bsp_driver_sd.o
                0x0000000008005e44                BSP_SD_ReadBlocks
 .text.BSP_SD_WriteBlocks
                0x0000000008005e68       0x24 ./FATFS/Target/bsp_driver_sd.o
                0x0000000008005e68                BSP_SD_WriteBlocks
 .text.BSP_SD_GetCardState
                0x0000000008005e8c       0x14 ./FATFS/Target/bsp_driver_sd.o
                0x0000000008005e8c                BSP_SD_GetCardState
 .text.BSP_SD_GetCardInfo
                0x0000000008005ea0        0xc ./FATFS/Target/bsp_driver_sd.o
                0x0000000008005ea0                BSP_SD_GetCardInfo
 .text.BSP_SD_IsDetected
                0x0000000008005eac       0x10 ./FATFS/Target/bsp_driver_sd.o
                0x0000000008005eac                BSP_SD_IsDetected
 .text.BSP_SD_Init
                0x0000000008005ebc       0x30 ./FATFS/Target/bsp_driver_sd.o
                0x0000000008005ebc                BSP_SD_Init
 .text.SD_initialize
                0x0000000008005eec       0x30 ./FATFS/Target/sd_diskio.o
                0x0000000008005eec                SD_initialize
 .text.SD_status
                0x0000000008005f1c       0x20 ./FATFS/Target/sd_diskio.o
                0x0000000008005f1c                SD_status
 .text.SD_read  0x0000000008005f3c       0x28 ./FATFS/Target/sd_diskio.o
                0x0000000008005f3c                SD_read
 .text.SD_ioctl
                0x0000000008005f64       0x5c ./FATFS/Target/sd_diskio.o
                0x0000000008005f64                SD_ioctl
 .text.SD_write
                0x0000000008005fc0       0x28 ./FATFS/Target/sd_diskio.o
                0x0000000008005fc0                SD_write
 .text.disk_status
                0x0000000008005fe8       0x14 ./Middlewares/Third_Party/FatFs/src/diskio.o
                0x0000000008005fe8                disk_status
 .text.disk_initialize
                0x0000000008005ffc       0x28 ./Middlewares/Third_Party/FatFs/src/diskio.o
                0x0000000008005ffc                disk_initialize
 .text.disk_read
                0x0000000008006024       0x1c ./Middlewares/Third_Party/FatFs/src/diskio.o
                0x0000000008006024                disk_read
 .text.disk_write
                0x0000000008006040       0x1c ./Middlewares/Third_Party/FatFs/src/diskio.o
                0x0000000008006040                disk_write
 .text.disk_ioctl
                0x000000000800605c       0x1c ./Middlewares/Third_Party/FatFs/src/diskio.o
                0x000000000800605c                disk_ioctl
 .text.get_fileinfo
                0x0000000008006078      0x10c ./Middlewares/Third_Party/FatFs/src/ff.o
 .text.move_window.part.0
                0x0000000008006184       0x74 ./Middlewares/Third_Party/FatFs/src/ff.o
 .text.put_fat.part.0
                0x00000000080061f8      0x13c ./Middlewares/Third_Party/FatFs/src/ff.o
 .text.get_fat.isra.0
                0x0000000008006334       0xd8 ./Middlewares/Third_Party/FatFs/src/ff.o
 .text.dir_next.constprop.0
                0x000000000800640c       0x88 ./Middlewares/Third_Party/FatFs/src/ff.o
 .text.dir_read.constprop.0
                0x0000000008006494      0x4e0 ./Middlewares/Third_Party/FatFs/src/ff.o
 .text.sync_fs  0x0000000008006974       0xe4 ./Middlewares/Third_Party/FatFs/src/ff.o
 .text.create_chain
                0x0000000008006a58      0x1b4 ./Middlewares/Third_Party/FatFs/src/ff.o
 .text.check_fs
                0x0000000008006c0c       0xac ./Middlewares/Third_Party/FatFs/src/ff.o
 .text.find_volume
                0x0000000008006cb8      0x3d8 ./Middlewares/Third_Party/FatFs/src/ff.o
 .text.dir_sdi  0x0000000008007090      0x18c ./Middlewares/Third_Party/FatFs/src/ff.o
 .text.dir_find
                0x000000000800721c      0x36c ./Middlewares/Third_Party/FatFs/src/ff.o
 .text.follow_path
                0x0000000008007588      0x3b0 ./Middlewares/Third_Party/FatFs/src/ff.o
 .text.remove_chain
                0x0000000008007938      0x150 ./Middlewares/Third_Party/FatFs/src/ff.o
 .text.dir_register
                0x0000000008007a88      0xb10 ./Middlewares/Third_Party/FatFs/src/ff.o
 .text.f_mount  0x0000000008008598       0x90 ./Middlewares/Third_Party/FatFs/src/ff.o
                0x0000000008008598                f_mount
 .text.f_open   0x0000000008008628      0x41c ./Middlewares/Third_Party/FatFs/src/ff.o
                0x0000000008008628                f_open
 .text.f_read   0x0000000008008a44      0x26c ./Middlewares/Third_Party/FatFs/src/ff.o
                0x0000000008008a44                f_read
 .text.f_close  0x0000000008008cb0      0x120 ./Middlewares/Third_Party/FatFs/src/ff.o
                0x0000000008008cb0                f_close
 .text.f_chdir  0x0000000008008dd0       0x78 ./Middlewares/Third_Party/FatFs/src/ff.o
                0x0000000008008dd0                f_chdir
 .text.f_lseek  0x0000000008008e48      0x394 ./Middlewares/Third_Party/FatFs/src/ff.o
                0x0000000008008e48                f_lseek
 .text.f_opendir
                0x00000000080091dc      0x108 ./Middlewares/Third_Party/FatFs/src/ff.o
                0x00000000080091dc                f_opendir
 .text.f_closedir
                0x00000000080092e4       0x68 ./Middlewares/Third_Party/FatFs/src/ff.o
                0x00000000080092e4                f_closedir
 .text.f_readdir
                0x000000000800934c       0x70 ./Middlewares/Third_Party/FatFs/src/ff.o
                0x000000000800934c                f_readdir
 .text.FATFS_LinkDriver
                0x00000000080093bc       0x48 ./Middlewares/Third_Party/FatFs/src/ff_gen_drv.o
                0x00000000080093bc                FATFS_LinkDriver
 .text.ff_convert
                0x0000000008009404       0x44 ./Middlewares/Third_Party/FatFs/src/option/ccsbcs.o
                0x0000000008009404                ff_convert
 .text.ff_wtoupper
                0x0000000008009448       0x94 ./Middlewares/Third_Party/FatFs/src/option/ccsbcs.o
                0x0000000008009448                ff_wtoupper
 .text.__errno  0x00000000080094dc        0xc c:/st/stm32cubeide_1.7.0/stm32cubeide/plugins/com.st.stm32cube.ide.mcu.externaltools.gnu-tools-for-stm32.9-2020-q2-update.win32_2.0.0.202105311346/tools/bin/../lib/gcc/arm-none-eabi/9.3.1/../../../../arm-none-eabi/lib/thumb/v7e-m+dp/hard\libc_nano.a(lib_a-errno.o)
                0x00000000080094dc                __errno
 .text.__libc_init_array
                0x00000000080094e8       0x48 c:/st/stm32cubeide_1.7.0/stm32cubeide/plugins/com.st.stm32cube.ide.mcu.externaltools.gnu-tools-for-stm32.9-2020-q2-update.win32_2.0.0.202105311346/tools/bin/../lib/gcc/arm-none-eabi/9.3.1/../../../../arm-none-eabi/lib/thumb/v7e-m+dp/hard\libc_nano.a(lib_a-init.o)
                0x00000000080094e8                __libc_init_array
 .text.malloc   0x0000000008009530       0x10 c:/st/stm32cubeide_1.7.0/stm32cubeide/plugins/com.st.stm32cube.ide.mcu.externaltools.gnu-tools-for-stm32.9-2020-q2-update.win32_2.0.0.202105311346/tools/bin/../lib/gcc/arm-none-eabi/9.3.1/../../../../arm-none-eabi/lib/thumb/v7e-m+dp/hard\libc_nano.a(lib_a-malloc.o)
                0x0000000008009530                malloc
 .text.free     0x0000000008009540       0x10 c:/st/stm32cubeide_1.7.0/stm32cubeide/plugins/com.st.stm32cube.ide.mcu.externaltools.gnu-tools-for-stm32.9-2020-q2-update.win32_2.0.0.202105311346/tools/bin/../lib/gcc/arm-none-eabi/9.3.1/../../../../arm-none-eabi/lib/thumb/v7e-m+dp/hard\libc_nano.a(lib_a-malloc.o)
                0x0000000008009540                free
 .text.memset   0x0000000008009550       0x10 c:/st/stm32cubeide_1.7.0/stm32cubeide/plugins/com.st.stm32cube.ide.mcu.externaltools.gnu-tools-for-stm32.9-2020-q2-update.win32_2.0.0.202105311346/tools/bin/../lib/gcc/arm-none-eabi/9.3.1/../../../../arm-none-eabi/lib/thumb/v7e-m+dp/hard\libc_nano.a(lib_a-memset.o)
                0x0000000008009550                memset
 .text._free_r  0x0000000008009560       0xa0 c:/st/stm32cubeide_1.7.0/stm32cubeide/plugins/com.st.stm32cube.ide.mcu.externaltools.gnu-tools-for-stm32.9-2020-q2-update.win32_2.0.0.202105311346/tools/bin/../lib/gcc/arm-none-eabi/9.3.1/../../../../arm-none-eabi/lib/thumb/v7e-m+dp/hard\libc_nano.a(lib_a-nano-freer.o)
                0x0000000008009560                _free_r
 .text._malloc_r
                0x0000000008009600       0xb4 c:/st/stm32cubeide_1.7.0/stm32cubeide/plugins/com.st.stm32cube.ide.mcu.externaltools.gnu-tools-for-stm32.9-2020-q2-update.win32_2.0.0.202105311346/tools/bin/../lib/gcc/arm-none-eabi/9.3.1/../../../../arm-none-eabi/lib/thumb/v7e-m+dp/hard\libc_nano.a(lib_a-nano-mallocr.o)
                0x0000000008009600                _malloc_r
 .text._sbrk_r  0x00000000080096b4       0x20 c:/st/stm32cubeide_1.7.0/stm32cubeide/plugins/com.st.stm32cube.ide.mcu.externaltools.gnu-tools-for-stm32.9-2020-q2-update.win32_2.0.0.202105311346/tools/bin/../lib/gcc/arm-none-eabi/9.3.1/../../../../arm-none-eabi/lib/thumb/v7e-m+dp/hard\libc_nano.a(lib_a-sbrkr.o)
                0x00000000080096b4                _sbrk_r
 .text.strcat   0x00000000080096d4       0x1e c:/st/stm32cubeide_1.7.0/stm32cubeide/plugins/com.st.stm32cube.ide.mcu.externaltools.gnu-tools-for-stm32.9-2020-q2-update.win32_2.0.0.202105311346/tools/bin/../lib/gcc/arm-none-eabi/9.3.1/../../../../arm-none-eabi/lib/thumb/v7e-m+dp/hard\libc_nano.a(lib_a-strcat.o)
                0x00000000080096d4                strcat
 .text.strncmp  0x00000000080096f2       0x24 c:/st/stm32cubeide_1.7.0/stm32cubeide/plugins/com.st.stm32cube.ide.mcu.externaltools.gnu-tools-for-stm32.9-2020-q2-update.win32_2.0.0.202105311346/tools/bin/../lib/gcc/arm-none-eabi/9.3.1/../../../../arm-none-eabi/lib/thumb/v7e-m+dp/hard\libc_nano.a(lib_a-strncmp.o)
                0x00000000080096f2                strncmp
 .text.strrchr  0x0000000008009716       0x28 c:/st/stm32cubeide_1.7.0/stm32cubeide/plugins/com.st.stm32cube.ide.mcu.externaltools.gnu-tools-for-stm32.9-2020-q2-update.win32_2.0.0.202105311346/tools/bin/../lib/gcc/arm-none-eabi/9.3.1/../../../../arm-none-eabi/lib/thumb/v7e-m+dp/hard\libc_nano.a(lib_a-strrchr.o)
                0x0000000008009716                strrchr
 *fill*         0x000000000800973e        0x2 
 .text.__malloc_lock
                0x0000000008009740        0xc c:/st/stm32cubeide_1.7.0/stm32cubeide/plugins/com.st.stm32cube.ide.mcu.externaltools.gnu-tools-for-stm32.9-2020-q2-update.win32_2.0.0.202105311346/tools/bin/../lib/gcc/arm-none-eabi/9.3.1/../../../../arm-none-eabi/lib/thumb/v7e-m+dp/hard\libc_nano.a(lib_a-mlock.o)
                0x0000000008009740                __malloc_lock
 .text.__malloc_unlock
                0x000000000800974c        0xc c:/st/stm32cubeide_1.7.0/stm32cubeide/plugins/com.st.stm32cube.ide.mcu.externaltools.gnu-tools-for-stm32.9-2020-q2-update.win32_2.0.0.202105311346/tools/bin/../lib/gcc/arm-none-eabi/9.3.1/../../../../arm-none-eabi/lib/thumb/v7e-m+dp/hard\libc_nano.a(lib_a-mlock.o)
                0x000000000800974c                __malloc_unlock
 .text.strchr   0x0000000008009758       0x1a c:/st/stm32cubeide_1.7.0/stm32cubeide/plugins/com.st.stm32cube.ide.mcu.externaltools.gnu-tools-for-stm32.9-2020-q2-update.win32_2.0.0.202105311346/tools/bin/../lib/gcc/arm-none-eabi/9.3.1/../../../../arm-none-eabi/lib/thumb/v7e-m+dp/hard\libc_nano.a(lib_a-strchr.o)
                0x0000000008009758                strchr
 .text.__retarget_lock_acquire_recursive
                0x0000000008009772        0x2 c:/st/stm32cubeide_1.7.0/stm32cubeide/plugins/com.st.stm32cube.ide.mcu.externaltools.gnu-tools-for-stm32.9-2020-q2-update.win32_2.0.0.202105311346/tools/bin/../lib/gcc/arm-none-eabi/9.3.1/../../../../arm-none-eabi/lib/thumb/v7e-m+dp/hard\libc_nano.a(lib_a-lock.o)
                0x0000000008009772                __retarget_lock_acquire_recursive
 .text.__retarget_lock_release_recursive
                0x0000000008009774        0x2 c:/st/stm32cubeide_1.7.0/stm32cubeide/plugins/com.st.stm32cube.ide.mcu.externaltools.gnu-tools-for-stm32.9-2020-q2-update.win32_2.0.0.202105311346/tools/bin/../lib/gcc/arm-none-eabi/9.3.1/../../../../arm-none-eabi/lib/thumb/v7e-m+dp/hard\libc_nano.a(lib_a-lock.o)
                0x0000000008009774                __retarget_lock_release_recursive
 *(.glue_7)
 .glue_7        0x0000000008009776        0x0 linker stubs
 *(.glue_7t)
 .glue_7t       0x0000000008009776        0x0 linker stubs
 *(.eh_frame)
 *fill*         0x0000000008009776        0x2 
 .eh_frame      0x0000000008009778        0x0 c:/st/stm32cubeide_1.7.0/stm32cubeide/plugins/com.st.stm32cube.ide.mcu.externaltools.gnu-tools-for-stm32.9-2020-q2-update.win32_2.0.0.202105311346/tools/bin/../lib/gcc/arm-none-eabi/9.3.1/thumb/v7e-m+dp/hard/crtbegin.o
 *(.init)
 .init          0x0000000008009778        0x4 c:/st/stm32cubeide_1.7.0/stm32cubeide/plugins/com.st.stm32cube.ide.mcu.externaltools.gnu-tools-for-stm32.9-2020-q2-update.win32_2.0.0.202105311346/tools/bin/../lib/gcc/arm-none-eabi/9.3.1/thumb/v7e-m+dp/hard/crti.o
                0x0000000008009778                _init
 .init          0x000000000800977c        0x8 c:/st/stm32cubeide_1.7.0/stm32cubeide/plugins/com.st.stm32cube.ide.mcu.externaltools.gnu-tools-for-stm32.9-2020-q2-update.win32_2.0.0.202105311346/tools/bin/../lib/gcc/arm-none-eabi/9.3.1/thumb/v7e-m+dp/hard/crtn.o
 *(.fini)
 .fini          0x0000000008009784        0x4 c:/st/stm32cubeide_1.7.0/stm32cubeide/plugins/com.st.stm32cube.ide.mcu.externaltools.gnu-tools-for-stm32.9-2020-q2-update.win32_2.0.0.202105311346/tools/bin/../lib/gcc/arm-none-eabi/9.3.1/thumb/v7e-m+dp/hard/crti.o
                0x0000000008009784                _fini
 .fini          0x0000000008009788        0x8 c:/st/stm32cubeide_1.7.0/stm32cubeide/plugins/com.st.stm32cube.ide.mcu.externaltools.gnu-tools-for-stm32.9-2020-q2-update.win32_2.0.0.202105311346/tools/bin/../lib/gcc/arm-none-eabi/9.3.1/thumb/v7e-m+dp/hard/crtn.o
                0x0000000008009790                . = ALIGN (0x4)
                0x0000000008009790                _etext = .

.vfp11_veneer   0x0000000008009790        0x0
 .vfp11_veneer  0x0000000008009790        0x0 linker stubs

.v4_bx          0x0000000008009790        0x0
 .v4_bx         0x0000000008009790        0x0 linker stubs

.iplt           0x0000000008009790        0x0
 .iplt          0x0000000008009790        0x0 c:/st/stm32cubeide_1.7.0/stm32cubeide/plugins/com.st.stm32cube.ide.mcu.externaltools.gnu-tools-for-stm32.9-2020-q2-update.win32_2.0.0.202105311346/tools/bin/../lib/gcc/arm-none-eabi/9.3.1/thumb/v7e-m+dp/hard/crtbegin.o

.rodata         0x0000000008009790     0x7d44
                0x0000000008009790                . = ALIGN (0x4)
 *(.rodata)
 *(.rodata*)
 .rodata.main.str1.4
                0x0000000008009790       0x71 ./Core/Src/main.o
                                         0x75 (size before relaxing)
 *fill*         0x0000000008009801        0x3 
 .rodata.logoRGB
                0x0000000008009804     0x3520 ./Core/Src/main.o
                0x0000000008009804                logoRGB
 .rodata.D1CorePrescTable
                0x000000000800cd24       0x10 ./Core/Src/system_stm32h7xx.o
                0x000000000800cd24                D1CorePrescTable
 .rodata.Font11x18
                0x000000000800cd34     0x16c8 ./Drivers/st7789/fonts.o
                0x000000000800cd34                Font11x18
 .rodata.Font16x26
                0x000000000800e3fc     0x20e8 ./Drivers/st7789/fonts.o
                0x000000000800e3fc                Font16x26
 .rodata.Font7x9
                0x00000000080104e4      0xb64 ./Drivers/st7789/fonts.o
                0x00000000080104e4                Font7x9
 .rodata.init_cmds
                0x0000000008011048       0x23 ./Drivers/st7789/st7789.o
 *fill*         0x000000000801106b        0x1 
 .rodata.SD_Driver
                0x000000000801106c       0x14 ./FATFS/Target/sd_diskio.o
                0x000000000801106c                SD_Driver
 .rodata.follow_path.str1.4
                0x0000000008011080       0x13 ./Middlewares/Third_Party/FatFs/src/ff.o
 *fill*         0x0000000008011093        0x1 
 .rodata.ExCvt  0x0000000008011094       0x80 ./Middlewares/Third_Party/FatFs/src/ff.o
 .rodata.LfnOfs
                0x0000000008011114        0xd ./Middlewares/Third_Party/FatFs/src/ff.o
 *fill*         0x0000000008011121        0x3 
 .rodata.Tbl    0x0000000008011124      0x100 ./Middlewares/Third_Party/FatFs/src/option/ccsbcs.o
 .rodata.cvt1.10911
                0x0000000008011224      0x1f2 ./Middlewares/Third_Party/FatFs/src/option/ccsbcs.o
 *fill*         0x0000000008011416        0x2 
 .rodata.cvt2.10912
                0x0000000008011418       0xbc ./Middlewares/Third_Party/FatFs/src/option/ccsbcs.o
                0x00000000080114d4                . = ALIGN (0x4)

.rel.dyn        0x00000000080114d4        0x0
 .rel.iplt      0x00000000080114d4        0x0 c:/st/stm32cubeide_1.7.0/stm32cubeide/plugins/com.st.stm32cube.ide.mcu.externaltools.gnu-tools-for-stm32.9-2020-q2-update.win32_2.0.0.202105311346/tools/bin/../lib/gcc/arm-none-eabi/9.3.1/thumb/v7e-m+dp/hard/crtbegin.o

.ARM.extab
 *(.ARM.extab* .gnu.linkonce.armextab.*)

.ARM            0x00000000080114d4        0x0
                0x00000000080114d4                __exidx_start = .
 *(.ARM.exidx*)
                0x00000000080114d4                __exidx_end = .

.preinit_array  0x00000000080114d4        0x0
                0x00000000080114d4                PROVIDE (__preinit_array_start = .)
 *(.preinit_array*)
                0x00000000080114d4                PROVIDE (__preinit_array_end = .)

.init_array     0x00000000080114d4        0x4
                0x00000000080114d4                PROVIDE (__init_array_start = .)
 *(SORT_BY_NAME(.init_array.*))
 *(.init_array*)
 .init_array    0x00000000080114d4        0x4 c:/st/stm32cubeide_1.7.0/stm32cubeide/plugins/com.st.stm32cube.ide.mcu.externaltools.gnu-tools-for-stm32.9-2020-q2-update.win32_2.0.0.202105311346/tools/bin/../lib/gcc/arm-none-eabi/9.3.1/thumb/v7e-m+dp/hard/crtbegin.o
                0x00000000080114d8                PROVIDE (__init_array_end = .)

.fini_array     0x00000000080114d8        0x4
                [!provide]                        PROVIDE (__fini_array_start = .)
 *(SORT_BY_NAME(.fini_array.*))
 *(.fini_array*)
 .fini_array    0x00000000080114d8        0x4 c:/st/stm32cubeide_1.7.0/stm32cubeide/plugins/com.st.stm32cube.ide.mcu.externaltools.gnu-tools-for-stm32.9-2020-q2-update.win32_2.0.0.202105311346/tools/bin/../lib/gcc/arm-none-eabi/9.3.1/thumb/v7e-m+dp/hard/crtbegin.o
                [!provide]                        PROVIDE (__fini_array_end = .)
                0x00000000080114dc                _sidata = LOADADDR (.data)

.data           0x0000000024000000       0x98 load address 0x00000000080114dc
                0x0000000024000000                . = ALIGN (0x4)
                0x0000000024000000                _sdata = .
 *(.data)
 *(.data*)
 .data.media_folder
                0x0000000024000000        0x7 ./Core/Src/main.o
                0x0000000024000000                media_folder
 *fill*         0x0000000024000007        0x1 
 .data.SystemCoreClock
                0x0000000024000008        0x4 ./Core/Src/system_stm32h7xx.o
                0x0000000024000008                SystemCoreClock
 .data.SystemD2Clock
                0x000000002400000c        0x4 ./Core/Src/system_stm32h7xx.o
                0x000000002400000c                SystemD2Clock
 .data.uwTickFreq
                0x0000000024000010        0x1 ./Drivers/STM32H7xx_HAL_Driver/Src/stm32h7xx_hal.o
                0x0000000024000010                uwTickFreq
 *fill*         0x0000000024000011        0x3 
 .data.uwTickPrio
                0x0000000024000014        0x4 ./Drivers/STM32H7xx_HAL_Driver/Src/stm32h7xx_hal.o
                0x0000000024000014                uwTickPrio
 .data.Font_11x18
                0x0000000024000018        0x8 ./Drivers/st7789/fonts.o
                0x0000000024000018                Font_11x18
 .data.Font_16x26
                0x0000000024000020        0x8 ./Drivers/st7789/fonts.o
                0x0000000024000020                Font_16x26
 .data.Font_7x9
                0x0000000024000028        0x8 ./Drivers/st7789/fonts.o
                0x0000000024000028                Font_7x9
 .data.Stat     0x0000000024000030        0x1 ./FATFS/Target/sd_diskio.o
 *fill*         0x0000000024000031        0x3 
 .data._impure_ptr
                0x0000000024000034        0x4 c:/st/stm32cubeide_1.7.0/stm32cubeide/plugins/com.st.stm32cube.ide.mcu.externaltools.gnu-tools-for-stm32.9-2020-q2-update.win32_2.0.0.202105311346/tools/bin/../lib/gcc/arm-none-eabi/9.3.1/../../../../arm-none-eabi/lib/thumb/v7e-m+dp/hard\libc_nano.a(lib_a-impure.o)
                0x0000000024000034                _impure_ptr
 .data.impure_data
                0x0000000024000038       0x60 c:/st/stm32cubeide_1.7.0/stm32cubeide/plugins/com.st.stm32cube.ide.mcu.externaltools.gnu-tools-for-stm32.9-2020-q2-update.win32_2.0.0.202105311346/tools/bin/../lib/gcc/arm-none-eabi/9.3.1/../../../../arm-none-eabi/lib/thumb/v7e-m+dp/hard\libc_nano.a(lib_a-impure.o)
 *(.RamFunc)
 *(.RamFunc*)
                0x0000000024000098                . = ALIGN (0x4)
                0x0000000024000098                _edata = .

.igot.plt       0x0000000024000098        0x0 load address 0x0000000008011574
 .igot.plt      0x0000000024000098        0x0 c:/st/stm32cubeide_1.7.0/stm32cubeide/plugins/com.st.stm32cube.ide.mcu.externaltools.gnu-tools-for-stm32.9-2020-q2-update.win32_2.0.0.202105311346/tools/bin/../lib/gcc/arm-none-eabi/9.3.1/thumb/v7e-m+dp/hard/crtbegin.o
                0x0000000024000098                . = ALIGN (0x4)

.bss            0x0000000024000098     0x1078 load address 0x0000000008011574
                0x0000000024000098                _sbss = .
                0x0000000024000098                __bss_start__ = _sbss
 *(.bss)
 .bss           0x0000000024000098       0x1c c:/st/stm32cubeide_1.7.0/stm32cubeide/plugins/com.st.stm32cube.ide.mcu.externaltools.gnu-tools-for-stm32.9-2020-q2-update.win32_2.0.0.202105311346/tools/bin/../lib/gcc/arm-none-eabi/9.3.1/thumb/v7e-m+dp/hard/crtbegin.o
 *(.bss*)
 .bss.PixBuff.11261
                0x00000000240000b4      0x1e0 ./Core/Src/bmp.o
 .bss.header    0x0000000024000294       0x22 ./Core/Src/bmp.o
 *fill*         0x00000000240002b6        0x2 
 .bss.imageRow.11260
                0x00000000240002b8      0x2d0 ./Core/Src/bmp.o
 .bss.__sbrk_heap_end
                0x0000000024000588        0x4 ./Core/Src/sysmem.o
 .bss.pText     0x000000002400058c        0x4 ./Drivers/st7789/fonts.o
                0x000000002400058c                pText
 .bss.ST7789_X_Start
                0x0000000024000590        0x2 ./Drivers/st7789/st7789.o
                0x0000000024000590                ST7789_X_Start
 .bss.ST7789_Y_Start
                0x0000000024000592        0x2 ./Drivers/st7789/st7789.o
                0x0000000024000592                ST7789_Y_Start
 .bss.FatFs     0x0000000024000594        0x4 ./Middlewares/Third_Party/FatFs/src/ff.o
 .bss.Files     0x0000000024000598       0x20 ./Middlewares/Third_Party/FatFs/src/ff.o
 .bss.Fsid      0x00000000240005b8        0x2 ./Middlewares/Third_Party/FatFs/src/ff.o
 *fill*         0x00000000240005ba        0x2 
 .bss.disk      0x00000000240005bc        0xc ./Middlewares/Third_Party/FatFs/src/ff_gen_drv.o
                0x00000000240005bc                disk
 .bss.__malloc_free_list
                0x00000000240005c8        0x4 c:/st/stm32cubeide_1.7.0/stm32cubeide/plugins/com.st.stm32cube.ide.mcu.externaltools.gnu-tools-for-stm32.9-2020-q2-update.win32_2.0.0.202105311346/tools/bin/../lib/gcc/arm-none-eabi/9.3.1/../../../../arm-none-eabi/lib/thumb/v7e-m+dp/hard\libc_nano.a(lib_a-nano-mallocr.o)
                0x00000000240005c8                __malloc_free_list
 .bss.__malloc_sbrk_start
                0x00000000240005cc        0x4 c:/st/stm32cubeide_1.7.0/stm32cubeide/plugins/com.st.stm32cube.ide.mcu.externaltools.gnu-tools-for-stm32.9-2020-q2-update.win32_2.0.0.202105311346/tools/bin/../lib/gcc/arm-none-eabi/9.3.1/../../../../arm-none-eabi/lib/thumb/v7e-m+dp/hard\libc_nano.a(lib_a-nano-mallocr.o)
                0x00000000240005cc                __malloc_sbrk_start
 *(COMMON)
 COMMON         0x00000000240005d0      0x230 ./Core/Src/bmp.o
                0x00000000240005d0                img_file
 COMMON         0x0000000024000800      0x384 ./Core/Src/main.o
                0x0000000024000800                DirInfo
                0x0000000024000834                FileInfo
                0x000000002400094c                fatfs
 COMMON         0x0000000024000b84       0x7c ./Core/Src/sdmmc.o
                0x0000000024000b84                hsd1
 COMMON         0x0000000024000c00       0x88 ./Core/Src/spi.o
                0x0000000024000c00                hspi2
 COMMON         0x0000000024000c88        0x4 ./Drivers/STM32H7xx_HAL_Driver/Src/stm32h7xx_hal.o
                0x0000000024000c88                uwTick
 COMMON         0x0000000024000c8c        0x4 ./Drivers/st7789/st7789.o
                0x0000000024000c8c                ST7789_Width
                0x0000000024000c8e                ST7789_Height
 COMMON         0x0000000024000c90      0x470 ./FATFS/App/fatfs.o
                0x0000000024000c90                retSD
                0x0000000024000c94                SDPath
                0x0000000024000c98                SDFile
                0x0000000024000ec8                SDFatFS
 COMMON         0x0000000024001100        0x4 c:/st/stm32cubeide_1.7.0/stm32cubeide/plugins/com.st.stm32cube.ide.mcu.externaltools.gnu-tools-for-stm32.9-2020-q2-update.win32_2.0.0.202105311346/tools/bin/../lib/gcc/arm-none-eabi/9.3.1/../../../../arm-none-eabi/lib/thumb/v7e-m+dp/hard\libc_nano.a(lib_a-reent.o)
                0x0000000024001100                errno
 COMMON         0x0000000024001104        0x9 c:/st/stm32cubeide_1.7.0/stm32cubeide/plugins/com.st.stm32cube.ide.mcu.externaltools.gnu-tools-for-stm32.9-2020-q2-update.win32_2.0.0.202105311346/tools/bin/../lib/gcc/arm-none-eabi/9.3.1/../../../../arm-none-eabi/lib/thumb/v7e-m+dp/hard\libc_nano.a(lib_a-lock.o)
                0x0000000024001104                __lock___atexit_recursive_mutex
                0x0000000024001105                __lock___arc4random_mutex
                0x0000000024001106                __lock___env_recursive_mutex
                0x0000000024001107                __lock___sinit_recursive_mutex
                0x0000000024001108                __lock___malloc_recursive_mutex
                0x0000000024001109                __lock___at_quick_exit_mutex
                0x000000002400110a                __lock___dd_hash_mutex
                0x000000002400110b                __lock___tz_mutex
                0x000000002400110c                __lock___sfp_recursive_mutex
                0x0000000024001110                . = ALIGN (0x4)
 *fill*         0x000000002400110d        0x3 
                0x0000000024001110                _ebss = .
                0x0000000024001110                __bss_end__ = _ebss

._user_heap_stack
                0x0000000024001110      0x600 load address 0x0000000008011574
                0x0000000024001110                . = ALIGN (0x8)
                [!provide]                        PROVIDE (end = .)
                0x0000000024001110                PROVIDE (_end = .)
                0x0000000024001310                . = (. + _Min_Heap_Size)
 *fill*         0x0000000024001110      0x200 
                0x0000000024001710                . = (. + _Min_Stack_Size)
 *fill*         0x0000000024001310      0x400 
                0x0000000024001710                . = ALIGN (0x8)

/DISCARD/
 libc.a(*)
 libm.a(*)
 libgcc.a(*)

.ARM.attributes
                0x0000000000000000       0x2e
 *(.ARM.attributes)
 .ARM.attributes
                0x0000000000000000       0x1e c:/st/stm32cubeide_1.7.0/stm32cubeide/plugins/com.st.stm32cube.ide.mcu.externaltools.gnu-tools-for-stm32.9-2020-q2-update.win32_2.0.0.202105311346/tools/bin/../lib/gcc/arm-none-eabi/9.3.1/thumb/v7e-m+dp/hard/crti.o
 .ARM.attributes
                0x000000000000001e       0x32 c:/st/stm32cubeide_1.7.0/stm32cubeide/plugins/com.st.stm32cube.ide.mcu.externaltools.gnu-tools-for-stm32.9-2020-q2-update.win32_2.0.0.202105311346/tools/bin/../lib/gcc/arm-none-eabi/9.3.1/thumb/v7e-m+dp/hard/crtbegin.o
 .ARM.attributes
                0x0000000000000050       0x2e ./Core/Src/bmp.o
 .ARM.attributes
                0x000000000000007e       0x2e ./Core/Src/gpio.o
 .ARM.attributes
                0x00000000000000ac       0x2e ./Core/Src/main.o
 .ARM.attributes
                0x00000000000000da       0x2e ./Core/Src/sdmmc.o
 .ARM.attributes
                0x0000000000000108       0x2e ./Core/Src/spi.o
 .ARM.attributes
                0x0000000000000136       0x2e ./Core/Src/stm32h7xx_hal_msp.o
 .ARM.attributes
                0x0000000000000164       0x2e ./Core/Src/stm32h7xx_it.o
 .ARM.attributes
                0x0000000000000192       0x2e ./Core/Src/sysmem.o
 .ARM.attributes
                0x00000000000001c0       0x2e ./Core/Src/system_stm32h7xx.o
 .ARM.attributes
                0x00000000000001ee       0x21 ./Core/Startup/startup_stm32h743vitx.o
 .ARM.attributes
                0x000000000000020f       0x2e ./Drivers/STM32H7xx_HAL_Driver/Src/stm32h7xx_hal.o
 .ARM.attributes
                0x000000000000023d       0x2e ./Drivers/STM32H7xx_HAL_Driver/Src/stm32h7xx_hal_cortex.o
 .ARM.attributes
                0x000000000000026b       0x2e ./Drivers/STM32H7xx_HAL_Driver/Src/stm32h7xx_hal_gpio.o
 .ARM.attributes
                0x0000000000000299       0x2e ./Drivers/STM32H7xx_HAL_Driver/Src/stm32h7xx_hal_pwr_ex.o
 .ARM.attributes
                0x00000000000002c7       0x2e ./Drivers/STM32H7xx_HAL_Driver/Src/stm32h7xx_hal_rcc.o
 .ARM.attributes
                0x00000000000002f5       0x2e ./Drivers/STM32H7xx_HAL_Driver/Src/stm32h7xx_hal_rcc_ex.o
 .ARM.attributes
                0x0000000000000323       0x2e ./Drivers/STM32H7xx_HAL_Driver/Src/stm32h7xx_hal_sd.o
 .ARM.attributes
                0x0000000000000351       0x2e ./Drivers/STM32H7xx_HAL_Driver/Src/stm32h7xx_hal_spi.o
 .ARM.attributes
                0x000000000000037f       0x2e ./Drivers/STM32H7xx_HAL_Driver/Src/stm32h7xx_ll_sdmmc.o
 .ARM.attributes
                0x00000000000003ad       0x2e ./Drivers/st7789/fonts.o
 .ARM.attributes
                0x00000000000003db       0x2e ./Drivers/st7789/st7789.o
 .ARM.attributes
                0x0000000000000409       0x2e ./FATFS/App/fatfs.o
 .ARM.attributes
                0x0000000000000437       0x2e ./FATFS/Target/bsp_driver_sd.o
 .ARM.attributes
                0x0000000000000465       0x2e ./FATFS/Target/sd_diskio.o
 .ARM.attributes
                0x0000000000000493       0x2e ./Middlewares/Third_Party/FatFs/src/diskio.o
 .ARM.attributes
                0x00000000000004c1       0x2e ./Middlewares/Third_Party/FatFs/src/ff.o
 .ARM.attributes
                0x00000000000004ef       0x2e ./Middlewares/Third_Party/FatFs/src/ff_gen_drv.o
 .ARM.attributes
                0x000000000000051d       0x2e ./Middlewares/Third_Party/FatFs/src/option/ccsbcs.o
 .ARM.attributes
                0x000000000000054b       0x32 c:/st/stm32cubeide_1.7.0/stm32cubeide/plugins/com.st.stm32cube.ide.mcu.externaltools.gnu-tools-for-stm32.9-2020-q2-update.win32_2.0.0.202105311346/tools/bin/../lib/gcc/arm-none-eabi/9.3.1/../../../../arm-none-eabi/lib/thumb/v7e-m+dp/hard\libc_nano.a(lib_a-errno.o)
 .ARM.attributes
                0x000000000000057d       0x30 c:/st/stm32cubeide_1.7.0/stm32cubeide/plugins/com.st.stm32cube.ide.mcu.externaltools.gnu-tools-for-stm32.9-2020-q2-update.win32_2.0.0.202105311346/tools/bin/../lib/gcc/arm-none-eabi/9.3.1/../../../../arm-none-eabi/lib/thumb/v7e-m+dp/hard\libc_nano.a(lib_a-impure.o)
 .ARM.attributes
                0x00000000000005ad       0x32 c:/st/stm32cubeide_1.7.0/stm32cubeide/plugins/com.st.stm32cube.ide.mcu.externaltools.gnu-tools-for-stm32.9-2020-q2-update.win32_2.0.0.202105311346/tools/bin/../lib/gcc/arm-none-eabi/9.3.1/../../../../arm-none-eabi/lib/thumb/v7e-m+dp/hard\libc_nano.a(lib_a-init.o)
 .ARM.attributes
                0x00000000000005df       0x32 c:/st/stm32cubeide_1.7.0/stm32cubeide/plugins/com.st.stm32cube.ide.mcu.externaltools.gnu-tools-for-stm32.9-2020-q2-update.win32_2.0.0.202105311346/tools/bin/../lib/gcc/arm-none-eabi/9.3.1/../../../../arm-none-eabi/lib/thumb/v7e-m+dp/hard\libc_nano.a(lib_a-malloc.o)
 .ARM.attributes
                0x0000000000000611       0x32 c:/st/stm32cubeide_1.7.0/stm32cubeide/plugins/com.st.stm32cube.ide.mcu.externaltools.gnu-tools-for-stm32.9-2020-q2-update.win32_2.0.0.202105311346/tools/bin/../lib/gcc/arm-none-eabi/9.3.1/../../../../arm-none-eabi/lib/thumb/v7e-m+dp/hard\libc_nano.a(lib_a-memset.o)
 .ARM.attributes
                0x0000000000000643       0x32 c:/st/stm32cubeide_1.7.0/stm32cubeide/plugins/com.st.stm32cube.ide.mcu.externaltools.gnu-tools-for-stm32.9-2020-q2-update.win32_2.0.0.202105311346/tools/bin/../lib/gcc/arm-none-eabi/9.3.1/../../../../arm-none-eabi/lib/thumb/v7e-m+dp/hard\libc_nano.a(lib_a-nano-freer.o)
 .ARM.attributes
                0x0000000000000675       0x32 c:/st/stm32cubeide_1.7.0/stm32cubeide/plugins/com.st.stm32cube.ide.mcu.externaltools.gnu-tools-for-stm32.9-2020-q2-update.win32_2.0.0.202105311346/tools/bin/../lib/gcc/arm-none-eabi/9.3.1/../../../../arm-none-eabi/lib/thumb/v7e-m+dp/hard\libc_nano.a(lib_a-nano-mallocr.o)
 .ARM.attributes
                0x00000000000006a7       0x32 c:/st/stm32cubeide_1.7.0/stm32cubeide/plugins/com.st.stm32cube.ide.mcu.externaltools.gnu-tools-for-stm32.9-2020-q2-update.win32_2.0.0.202105311346/tools/bin/../lib/gcc/arm-none-eabi/9.3.1/../../../../arm-none-eabi/lib/thumb/v7e-m+dp/hard\libc_nano.a(lib_a-sbrkr.o)
 .ARM.attributes
                0x00000000000006d9       0x32 c:/st/stm32cubeide_1.7.0/stm32cubeide/plugins/com.st.stm32cube.ide.mcu.externaltools.gnu-tools-for-stm32.9-2020-q2-update.win32_2.0.0.202105311346/tools/bin/../lib/gcc/arm-none-eabi/9.3.1/../../../../arm-none-eabi/lib/thumb/v7e-m+dp/hard\libc_nano.a(lib_a-strcat.o)
 .ARM.attributes
                0x000000000000070b       0x17 c:/st/stm32cubeide_1.7.0/stm32cubeide/plugins/com.st.stm32cube.ide.mcu.externaltools.gnu-tools-for-stm32.9-2020-q2-update.win32_2.0.0.202105311346/tools/bin/../lib/gcc/arm-none-eabi/9.3.1/../../../../arm-none-eabi/lib/thumb/v7e-m+dp/hard\libc_nano.a(lib_a-strlen.o)
 .ARM.attributes
                0x0000000000000722       0x32 c:/st/stm32cubeide_1.7.0/stm32cubeide/plugins/com.st.stm32cube.ide.mcu.externaltools.gnu-tools-for-stm32.9-2020-q2-update.win32_2.0.0.202105311346/tools/bin/../lib/gcc/arm-none-eabi/9.3.1/../../../../arm-none-eabi/lib/thumb/v7e-m+dp/hard\libc_nano.a(lib_a-strncmp.o)
 .ARM.attributes
                0x0000000000000754       0x32 c:/st/stm32cubeide_1.7.0/stm32cubeide/plugins/com.st.stm32cube.ide.mcu.externaltools.gnu-tools-for-stm32.9-2020-q2-update.win32_2.0.0.202105311346/tools/bin/../lib/gcc/arm-none-eabi/9.3.1/../../../../arm-none-eabi/lib/thumb/v7e-m+dp/hard\libc_nano.a(lib_a-strrchr.o)
 .ARM.attributes
                0x0000000000000786       0x32 c:/st/stm32cubeide_1.7.0/stm32cubeide/plugins/com.st.stm32cube.ide.mcu.externaltools.gnu-tools-for-stm32.9-2020-q2-update.win32_2.0.0.202105311346/tools/bin/../lib/gcc/arm-none-eabi/9.3.1/../../../../arm-none-eabi/lib/thumb/v7e-m+dp/hard\libc_nano.a(lib_a-mlock.o)
 .ARM.attributes
                0x00000000000007b8       0x32 c:/st/stm32cubeide_1.7.0/stm32cubeide/plugins/com.st.stm32cube.ide.mcu.externaltools.gnu-tools-for-stm32.9-2020-q2-update.win32_2.0.0.202105311346/tools/bin/../lib/gcc/arm-none-eabi/9.3.1/../../../../arm-none-eabi/lib/thumb/v7e-m+dp/hard\libc_nano.a(lib_a-reent.o)
 .ARM.attributes
                0x00000000000007ea       0x32 c:/st/stm32cubeide_1.7.0/stm32cubeide/plugins/com.st.stm32cube.ide.mcu.externaltools.gnu-tools-for-stm32.9-2020-q2-update.win32_2.0.0.202105311346/tools/bin/../lib/gcc/arm-none-eabi/9.3.1/../../../../arm-none-eabi/lib/thumb/v7e-m+dp/hard\libc_nano.a(lib_a-strchr.o)
 .ARM.attributes
                0x000000000000081c       0x32 c:/st/stm32cubeide_1.7.0/stm32cubeide/plugins/com.st.stm32cube.ide.mcu.externaltools.gnu-tools-for-stm32.9-2020-q2-update.win32_2.0.0.202105311346/tools/bin/../lib/gcc/arm-none-eabi/9.3.1/../../../../arm-none-eabi/lib/thumb/v7e-m+dp/hard\libc_nano.a(lib_a-lock.o)
 .ARM.attributes
                0x000000000000084e       0x1e c:/st/stm32cubeide_1.7.0/stm32cubeide/plugins/com.st.stm32cube.ide.mcu.externaltools.gnu-tools-for-stm32.9-2020-q2-update.win32_2.0.0.202105311346/tools/bin/../lib/gcc/arm-none-eabi/9.3.1/thumb/v7e-m+dp/hard/crtn.o
OUTPUT(STM32_H743VITx_Display_Video.elf elf32-littlearm)
LOAD linker stubs
LOAD c:/st/stm32cubeide_1.7.0/stm32cubeide/plugins/com.st.stm32cube.ide.mcu.externaltools.gnu-tools-for-stm32.9-2020-q2-update.win32_2.0.0.202105311346/tools/bin/../lib/gcc/arm-none-eabi/9.3.1/../../../../arm-none-eabi/lib/thumb/v7e-m+dp/hard\libc.a
LOAD c:/st/stm32cubeide_1.7.0/stm32cubeide/plugins/com.st.stm32cube.ide.mcu.externaltools.gnu-tools-for-stm32.9-2020-q2-update.win32_2.0.0.202105311346/tools/bin/../lib/gcc/arm-none-eabi/9.3.1/../../../../arm-none-eabi/lib/thumb/v7e-m+dp/hard\libm.a
LOAD c:/st/stm32cubeide_1.7.0/stm32cubeide/plugins/com.st.stm32cube.ide.mcu.externaltools.gnu-tools-for-stm32.9-2020-q2-update.win32_2.0.0.202105311346/tools/bin/../lib/gcc/arm-none-eabi/9.3.1/thumb/v7e-m+dp/hard\libgcc.a

.debug_info     0x0000000000000000    0x356dc
 .debug_info    0x0000000000000000     0x14de ./Core/Src/bmp.o
 .debug_info    0x00000000000014de     0x1140 ./Core/Src/gpio.o
 .debug_info    0x000000000000261e     0x3294 ./Core/Src/main.o
 .debug_info    0x00000000000058b2     0x188c ./Core/Src/sdmmc.o
 .debug_info    0x000000000000713e     0x1b50 ./Core/Src/spi.o
 .debug_info    0x0000000000008c8e      0xf0a ./Core/Src/stm32h7xx_hal_msp.o
 .debug_info    0x0000000000009b98      0xbc2 ./Core/Src/stm32h7xx_it.o
 .debug_info    0x000000000000a75a      0xa4e ./Core/Src/sysmem.o
 .debug_info    0x000000000000b1a8     0x1748 ./Core/Src/system_stm32h7xx.o
 .debug_info    0x000000000000c8f0       0x22 ./Core/Startup/startup_stm32h743vitx.o
 .debug_info    0x000000000000c912     0x20ce ./Drivers/STM32H7xx_HAL_Driver/Src/stm32h7xx_hal.o
 .debug_info    0x000000000000e9e0     0x1e20 ./Drivers/STM32H7xx_HAL_Driver/Src/stm32h7xx_hal_cortex.o
 .debug_info    0x0000000000010800     0x17d0 ./Drivers/STM32H7xx_HAL_Driver/Src/stm32h7xx_hal_gpio.o
 .debug_info    0x0000000000011fd0     0x1c64 ./Drivers/STM32H7xx_HAL_Driver/Src/stm32h7xx_hal_pwr_ex.o
 .debug_info    0x0000000000013c34     0x1e37 ./Drivers/STM32H7xx_HAL_Driver/Src/stm32h7xx_hal_rcc.o
 .debug_info    0x0000000000015a6b     0x239e ./Drivers/STM32H7xx_HAL_Driver/Src/stm32h7xx_hal_rcc_ex.o
 .debug_info    0x0000000000017e09     0x3147 ./Drivers/STM32H7xx_HAL_Driver/Src/stm32h7xx_hal_sd.o
 .debug_info    0x000000000001af50     0x26eb ./Drivers/STM32H7xx_HAL_Driver/Src/stm32h7xx_hal_spi.o
 .debug_info    0x000000000001d63b     0x41d1 ./Drivers/STM32H7xx_HAL_Driver/Src/stm32h7xx_ll_sdmmc.o
 .debug_info    0x000000000002180c      0xe6a ./Drivers/st7789/fonts.o
 .debug_info    0x0000000000022676     0x356e ./Drivers/st7789/st7789.o
 .debug_info    0x0000000000025be4      0xf9e ./FATFS/App/fatfs.o
 .debug_info    0x0000000000026b82     0x141c ./FATFS/Target/bsp_driver_sd.o
 .debug_info    0x0000000000027f9e     0x117e ./FATFS/Target/sd_diskio.o
 .debug_info    0x000000000002911c      0xf03 ./Middlewares/Third_Party/FatFs/src/diskio.o
 .debug_info    0x000000000002a01f     0x99ee ./Middlewares/Third_Party/FatFs/src/ff.o
 .debug_info    0x0000000000033a0d     0x104c ./Middlewares/Third_Party/FatFs/src/ff_gen_drv.o
 .debug_info    0x0000000000034a59      0xc83 ./Middlewares/Third_Party/FatFs/src/option/ccsbcs.o

.debug_abbrev   0x0000000000000000     0x5460
 .debug_abbrev  0x0000000000000000      0x2a3 ./Core/Src/bmp.o
 .debug_abbrev  0x00000000000002a3      0x244 ./Core/Src/gpio.o
 .debug_abbrev  0x00000000000004e7      0x3b4 ./Core/Src/main.o
 .debug_abbrev  0x000000000000089b      0x2b3 ./Core/Src/sdmmc.o
 .debug_abbrev  0x0000000000000b4e      0x29c ./Core/Src/spi.o
 .debug_abbrev  0x0000000000000dea      0x1ef ./Core/Src/stm32h7xx_hal_msp.o
 .debug_abbrev  0x0000000000000fd9      0x228 ./Core/Src/stm32h7xx_it.o
 .debug_abbrev  0x0000000000001201      0x1f4 ./Core/Src/sysmem.o
 .debug_abbrev  0x00000000000013f5      0x24a ./Core/Src/system_stm32h7xx.o
 .debug_abbrev  0x000000000000163f       0x12 ./Core/Startup/startup_stm32h743vitx.o
 .debug_abbrev  0x0000000000001651      0x3a2 ./Drivers/STM32H7xx_HAL_Driver/Src/stm32h7xx_hal.o
 .debug_abbrev  0x00000000000019f3      0x441 ./Drivers/STM32H7xx_HAL_Driver/Src/stm32h7xx_hal_cortex.o
 .debug_abbrev  0x0000000000001e34      0x2fb ./Drivers/STM32H7xx_HAL_Driver/Src/stm32h7xx_hal_gpio.o
 .debug_abbrev  0x000000000000212f      0x3b5 ./Drivers/STM32H7xx_HAL_Driver/Src/stm32h7xx_hal_pwr_ex.o
 .debug_abbrev  0x00000000000024e4      0x36c ./Drivers/STM32H7xx_HAL_Driver/Src/stm32h7xx_hal_rcc.o
 .debug_abbrev  0x0000000000002850      0x3ce ./Drivers/STM32H7xx_HAL_Driver/Src/stm32h7xx_hal_rcc_ex.o
 .debug_abbrev  0x0000000000002c1e      0x410 ./Drivers/STM32H7xx_HAL_Driver/Src/stm32h7xx_hal_sd.o
 .debug_abbrev  0x000000000000302e      0x446 ./Drivers/STM32H7xx_HAL_Driver/Src/stm32h7xx_hal_spi.o
 .debug_abbrev  0x0000000000003474      0x3ce ./Drivers/STM32H7xx_HAL_Driver/Src/stm32h7xx_ll_sdmmc.o
 .debug_abbrev  0x0000000000003842      0x27d ./Drivers/st7789/fonts.o
 .debug_abbrev  0x0000000000003abf      0x4ed ./Drivers/st7789/st7789.o
 .debug_abbrev  0x0000000000003fac      0x235 ./FATFS/App/fatfs.o
 .debug_abbrev  0x00000000000041e1      0x2f5 ./FATFS/Target/bsp_driver_sd.o
 .debug_abbrev  0x00000000000044d6      0x319 ./FATFS/Target/sd_diskio.o
 .debug_abbrev  0x00000000000047ef      0x27a ./Middlewares/Third_Party/FatFs/src/diskio.o
 .debug_abbrev  0x0000000000004a69      0x4dc ./Middlewares/Third_Party/FatFs/src/ff.o
 .debug_abbrev  0x0000000000004f45      0x2fa ./Middlewares/Third_Party/FatFs/src/ff_gen_drv.o
 .debug_abbrev  0x000000000000523f      0x221 ./Middlewares/Third_Party/FatFs/src/option/ccsbcs.o

.debug_loc      0x0000000000000000    0x2591b
 .debug_loc     0x0000000000000000      0x285 ./Core/Src/bmp.o
 .debug_loc     0x0000000000000285       0xc3 ./Core/Src/main.o
 .debug_loc     0x0000000000000348       0x57 ./Core/Src/sdmmc.o
 .debug_loc     0x000000000000039f       0x64 ./Core/Src/spi.o
 .debug_loc     0x0000000000000403       0x7d ./Core/Src/sysmem.o
 .debug_loc     0x0000000000000480      0x1a2 ./Core/Src/system_stm32h7xx.o
 .debug_loc     0x0000000000000622      0x5d9 ./Drivers/STM32H7xx_HAL_Driver/Src/stm32h7xx_hal.o
 .debug_loc     0x0000000000000bfb      0x786 ./Drivers/STM32H7xx_HAL_Driver/Src/stm32h7xx_hal_cortex.o
 .debug_loc     0x0000000000001381      0x4ad ./Drivers/STM32H7xx_HAL_Driver/Src/stm32h7xx_hal_gpio.o
 .debug_loc     0x000000000000182e      0x51c ./Drivers/STM32H7xx_HAL_Driver/Src/stm32h7xx_hal_pwr_ex.o
 .debug_loc     0x0000000000001d4a      0xa68 ./Drivers/STM32H7xx_HAL_Driver/Src/stm32h7xx_hal_rcc.o
 .debug_loc     0x00000000000027b2     0x127b ./Drivers/STM32H7xx_HAL_Driver/Src/stm32h7xx_hal_rcc_ex.o
 .debug_loc     0x0000000000003a2d     0x2a14 ./Drivers/STM32H7xx_HAL_Driver/Src/stm32h7xx_hal_sd.o
 .debug_loc     0x0000000000006441     0x20f4 ./Drivers/STM32H7xx_HAL_Driver/Src/stm32h7xx_hal_spi.o
 .debug_loc     0x0000000000008535     0x6211 ./Drivers/STM32H7xx_HAL_Driver/Src/stm32h7xx_ll_sdmmc.o
 .debug_loc     0x000000000000e746      0x18f ./Drivers/st7789/fonts.o
 .debug_loc     0x000000000000e8d5     0x20c2 ./Drivers/st7789/st7789.o
 .debug_loc     0x0000000000010997      0x4c1 ./FATFS/Target/bsp_driver_sd.o
 .debug_loc     0x0000000000010e58      0x433 ./FATFS/Target/sd_diskio.o
 .debug_loc     0x000000000001128b      0x1fe ./Middlewares/Third_Party/FatFs/src/diskio.o
 .debug_loc     0x0000000000011489    0x139ff ./Middlewares/Third_Party/FatFs/src/ff.o
 .debug_loc     0x0000000000024e88      0x6b5 ./Middlewares/Third_Party/FatFs/src/ff_gen_drv.o
 .debug_loc     0x000000000002553d      0x3de ./Middlewares/Third_Party/FatFs/src/option/ccsbcs.o

.debug_aranges  0x0000000000000000      0xe90
 .debug_aranges
                0x0000000000000000       0x20 ./Core/Src/bmp.o
 .debug_aranges
                0x0000000000000020       0x20 ./Core/Src/gpio.o
 .debug_aranges
                0x0000000000000040       0x30 ./Core/Src/main.o
 .debug_aranges
                0x0000000000000070       0x30 ./Core/Src/sdmmc.o
 .debug_aranges
                0x00000000000000a0       0x30 ./Core/Src/spi.o
 .debug_aranges
                0x00000000000000d0       0x20 ./Core/Src/stm32h7xx_hal_msp.o
 .debug_aranges
                0x00000000000000f0       0x50 ./Core/Src/stm32h7xx_it.o
 .debug_aranges
                0x0000000000000140       0x20 ./Core/Src/sysmem.o
 .debug_aranges
                0x0000000000000160       0x28 ./Core/Src/system_stm32h7xx.o
 .debug_aranges
                0x0000000000000188       0x28 ./Core/Startup/startup_stm32h743vitx.o
 .debug_aranges
                0x00000000000001b0      0x190 ./Drivers/STM32H7xx_HAL_Driver/Src/stm32h7xx_hal.o
 .debug_aranges
                0x0000000000000340       0xb0 ./Drivers/STM32H7xx_HAL_Driver/Src/stm32h7xx_hal_cortex.o
 .debug_aranges
                0x00000000000003f0       0x58 ./Drivers/STM32H7xx_HAL_Driver/Src/stm32h7xx_hal_gpio.o
 .debug_aranges
                0x0000000000000448      0x128 ./Drivers/STM32H7xx_HAL_Driver/Src/stm32h7xx_hal_pwr_ex.o
 .debug_aranges
                0x0000000000000570       0x90 ./Drivers/STM32H7xx_HAL_Driver/Src/stm32h7xx_hal_rcc.o
 .debug_aranges
                0x0000000000000600       0xe0 ./Drivers/STM32H7xx_HAL_Driver/Src/stm32h7xx_hal_rcc_ex.o
 .debug_aranges
                0x00000000000006e0       0xe0 ./Drivers/STM32H7xx_HAL_Driver/Src/stm32h7xx_hal_sd.o
 .debug_aranges
                0x00000000000007c0      0x138 ./Drivers/STM32H7xx_HAL_Driver/Src/stm32h7xx_hal_spi.o
 .debug_aranges
                0x00000000000008f8      0x180 ./Drivers/STM32H7xx_HAL_Driver/Src/stm32h7xx_ll_sdmmc.o
 .debug_aranges
                0x0000000000000a78       0x28 ./Drivers/st7789/fonts.o
 .debug_aranges
                0x0000000000000aa0      0x108 ./Drivers/st7789/st7789.o
 .debug_aranges
                0x0000000000000ba8       0x28 ./FATFS/App/fatfs.o
 .debug_aranges
                0x0000000000000bd0       0x88 ./FATFS/Target/bsp_driver_sd.o
 .debug_aranges
                0x0000000000000c58       0x40 ./FATFS/Target/sd_diskio.o
 .debug_aranges
                0x0000000000000c98       0x48 ./Middlewares/Third_Party/FatFs/src/diskio.o
 .debug_aranges
                0x0000000000000ce0      0x148 ./Middlewares/Third_Party/FatFs/src/ff.o
 .debug_aranges
                0x0000000000000e28       0x40 ./Middlewares/Third_Party/FatFs/src/ff_gen_drv.o
 .debug_aranges
                0x0000000000000e68       0x28 ./Middlewares/Third_Party/FatFs/src/option/ccsbcs.o

.debug_ranges   0x0000000000000000     0x4de0
 .debug_ranges  0x0000000000000000       0x58 ./Core/Src/bmp.o
 .debug_ranges  0x0000000000000058       0x48 ./Core/Src/gpio.o
 .debug_ranges  0x00000000000000a0       0xa0 ./Core/Src/main.o
 .debug_ranges  0x0000000000000140       0x60 ./Core/Src/sdmmc.o
 .debug_ranges  0x00000000000001a0       0x58 ./Core/Src/spi.o
 .debug_ranges  0x00000000000001f8       0x28 ./Core/Src/stm32h7xx_hal_msp.o
 .debug_ranges  0x0000000000000220       0x40 ./Core/Src/stm32h7xx_it.o
 .debug_ranges  0x0000000000000260       0x10 ./Core/Src/sysmem.o
 .debug_ranges  0x0000000000000270       0x18 ./Core/Src/system_stm32h7xx.o
 .debug_ranges  0x0000000000000288       0x20 ./Core/Startup/startup_stm32h743vitx.o
 .debug_ranges  0x00000000000002a8      0x180 ./Drivers/STM32H7xx_HAL_Driver/Src/stm32h7xx_hal.o
 .debug_ranges  0x0000000000000428      0x180 ./Drivers/STM32H7xx_HAL_Driver/Src/stm32h7xx_hal_cortex.o
 .debug_ranges  0x00000000000005a8       0x80 ./Drivers/STM32H7xx_HAL_Driver/Src/stm32h7xx_hal_gpio.o
 .debug_ranges  0x0000000000000628      0x1a8 ./Drivers/STM32H7xx_HAL_Driver/Src/stm32h7xx_hal_pwr_ex.o
 .debug_ranges  0x00000000000007d0      0x250 ./Drivers/STM32H7xx_HAL_Driver/Src/stm32h7xx_hal_rcc.o
 .debug_ranges  0x0000000000000a20      0x100 ./Drivers/STM32H7xx_HAL_Driver/Src/stm32h7xx_hal_rcc_ex.o
 .debug_ranges  0x0000000000000b20      0x310 ./Drivers/STM32H7xx_HAL_Driver/Src/stm32h7xx_hal_sd.o
 .debug_ranges  0x0000000000000e30      0x208 ./Drivers/STM32H7xx_HAL_Driver/Src/stm32h7xx_hal_spi.o
 .debug_ranges  0x0000000000001038     0x1320 ./Drivers/STM32H7xx_HAL_Driver/Src/stm32h7xx_ll_sdmmc.o
 .debug_ranges  0x0000000000002358       0x18 ./Drivers/st7789/fonts.o
 .debug_ranges  0x0000000000002370      0x830 ./Drivers/st7789/st7789.o
 .debug_ranges  0x0000000000002ba0       0x18 ./FATFS/App/fatfs.o
 .debug_ranges  0x0000000000002bb8       0x78 ./FATFS/Target/bsp_driver_sd.o
 .debug_ranges  0x0000000000002c30       0x48 ./FATFS/Target/sd_diskio.o
 .debug_ranges  0x0000000000002c78       0x38 ./Middlewares/Third_Party/FatFs/src/diskio.o
 .debug_ranges  0x0000000000002cb0     0x1fe8 ./Middlewares/Third_Party/FatFs/src/ff.o
 .debug_ranges  0x0000000000004c98      0x130 ./Middlewares/Third_Party/FatFs/src/ff_gen_drv.o
 .debug_ranges  0x0000000000004dc8       0x18 ./Middlewares/Third_Party/FatFs/src/option/ccsbcs.o

.debug_macro    0x0000000000000000    0x393e7
 .debug_macro   0x0000000000000000      0x3ab ./Core/Src/bmp.o
 .debug_macro   0x00000000000003ab      0xad2 ./Core/Src/bmp.o
 .debug_macro   0x0000000000000e7d       0x22 ./Core/Src/bmp.o
 .debug_macro   0x0000000000000e9f       0x56 ./Core/Src/bmp.o
 .debug_macro   0x0000000000000ef5       0x51 ./Core/Src/bmp.o
 .debug_macro   0x0000000000000f46      0x103 ./Core/Src/bmp.o
 .debug_macro   0x0000000000001049       0x6a ./Core/Src/bmp.o
 .debug_macro   0x00000000000010b3      0x1df ./Core/Src/bmp.o
 .debug_macro   0x0000000000001292      0x238 ./Core/Src/bmp.o
 .debug_macro   0x00000000000014ca       0x2e ./Core/Src/bmp.o
 .debug_macro   0x00000000000014f8       0x3b ./Core/Src/bmp.o
 .debug_macro   0x0000000000001533       0x1c ./Core/Src/bmp.o
 .debug_macro   0x000000000000154f       0x22 ./Core/Src/bmp.o
 .debug_macro   0x0000000000001571      0x101 ./Core/Src/bmp.o
 .debug_macro   0x0000000000001672     0x1305 ./Core/Src/bmp.o
 .debug_macro   0x0000000000002977      0x11f ./Core/Src/bmp.o
 .debug_macro   0x0000000000002a96       0x27 ./Core/Src/bmp.o
 .debug_macro   0x0000000000002abd    0x253d1 ./Core/Src/bmp.o
 .debug_macro   0x0000000000027e8e       0x43 ./Core/Src/bmp.o
 .debug_macro   0x0000000000027ed1     0x3cd3 ./Core/Src/bmp.o
 .debug_macro   0x000000000002bba4      0x174 ./Core/Src/bmp.o
 .debug_macro   0x000000000002bd18       0x52 ./Core/Src/bmp.o
 .debug_macro   0x000000000002bd6a       0x17 ./Core/Src/bmp.o
 .debug_macro   0x000000000002bd81       0x3c ./Core/Src/bmp.o
 .debug_macro   0x000000000002bdbd       0x34 ./Core/Src/bmp.o
 .debug_macro   0x000000000002bdf1       0x16 ./Core/Src/bmp.o
 .debug_macro   0x000000000002be07       0x43 ./Core/Src/bmp.o
 .debug_macro   0x000000000002be4a       0x34 ./Core/Src/bmp.o
 .debug_macro   0x000000000002be7e       0x10 ./Core/Src/bmp.o
 .debug_macro   0x000000000002be8e       0x58 ./Core/Src/bmp.o
 .debug_macro   0x000000000002bee6       0x71 ./Core/Src/bmp.o
 .debug_macro   0x000000000002bf57       0x1c ./Core/Src/bmp.o
 .debug_macro   0x000000000002bf73      0x12a ./Core/Src/bmp.o
 .debug_macro   0x000000000002c09d      0x333 ./Core/Src/bmp.o
 .debug_macro   0x000000000002c3d0       0xde ./Core/Src/bmp.o
 .debug_macro   0x000000000002c4ae       0x5d ./Core/Src/bmp.o
 .debug_macro   0x000000000002c50b     0x2382 ./Core/Src/bmp.o
 .debug_macro   0x000000000002e88d     0x1002 ./Core/Src/bmp.o
 .debug_macro   0x000000000002f88f      0x14d ./Core/Src/bmp.o
 .debug_macro   0x000000000002f9dc      0x117 ./Core/Src/bmp.o
 .debug_macro   0x000000000002faf3      0x3b2 ./Core/Src/bmp.o
 .debug_macro   0x000000000002fea5       0x27 ./Core/Src/bmp.o
 .debug_macro   0x000000000002fecc      0x72d ./Core/Src/bmp.o
 .debug_macro   0x00000000000305f9      0x229 ./Core/Src/bmp.o
 .debug_macro   0x0000000000030822       0x66 ./Core/Src/bmp.o
 .debug_macro   0x0000000000030888      0x3bb ./Core/Src/bmp.o
 .debug_macro   0x0000000000030c43      0x3e5 ./Core/Src/bmp.o
 .debug_macro   0x0000000000031028      0x275 ./Core/Src/bmp.o
 .debug_macro   0x000000000003129d      0x3cb ./Core/Src/bmp.o
 .debug_macro   0x0000000000031668      0x408 ./Core/Src/bmp.o
 .debug_macro   0x0000000000031a70       0x51 ./Core/Src/bmp.o
 .debug_macro   0x0000000000031ac1       0x4a ./Core/Src/bmp.o
 .debug_macro   0x0000000000031b0b      0x22c ./Core/Src/bmp.o
 .debug_macro   0x0000000000031d37       0x67 ./Core/Src/bmp.o
 .debug_macro   0x0000000000031d9e       0xa5 ./Core/Src/bmp.o
 .debug_macro   0x0000000000031e43      0x1c5 ./Core/Src/bmp.o
 .debug_macro   0x0000000000032008      0x25f ./Core/Src/bmp.o
 .debug_macro   0x0000000000032267       0x35 ./Core/Src/bmp.o
 .debug_macro   0x000000000003229c      0x814 ./Core/Src/bmp.o
 .debug_macro   0x0000000000032ab0       0x16 ./Core/Src/bmp.o
 .debug_macro   0x0000000000032ac6      0x1ce ./Core/Src/bmp.o
 .debug_macro   0x0000000000032c94      0x5dd ./Core/Src/bmp.o
 .debug_macro   0x0000000000033271       0x9e ./Core/Src/bmp.o
 .debug_macro   0x000000000003330f      0x5a0 ./Core/Src/bmp.o
 .debug_macro   0x00000000000338af       0x34 ./Core/Src/bmp.o
 .debug_macro   0x00000000000338e3       0x46 ./Core/Src/bmp.o
 .debug_macro   0x0000000000033929       0xe5 ./Core/Src/bmp.o
 .debug_macro   0x0000000000033a0e       0x16 ./Core/Src/bmp.o
 .debug_macro   0x0000000000033a24       0x35 ./Core/Src/bmp.o
 .debug_macro   0x0000000000033a59       0x22 ./Core/Src/bmp.o
 .debug_macro   0x0000000000033a7b       0x12 ./Core/Src/bmp.o
 .debug_macro   0x0000000000033a8d       0xe2 ./Core/Src/bmp.o
 .debug_macro   0x0000000000033b6f       0x8e ./Core/Src/bmp.o
 .debug_macro   0x0000000000033bfd       0x28 ./Core/Src/bmp.o
 .debug_macro   0x0000000000033c25       0x16 ./Core/Src/bmp.o
 .debug_macro   0x0000000000033c3b       0x20 ./Core/Src/bmp.o
 .debug_macro   0x0000000000033c5b      0x146 ./Core/Src/bmp.o
 .debug_macro   0x0000000000033da1      0x2e4 ./Core/Src/gpio.o
 .debug_macro   0x0000000000034085      0x3d5 ./Core/Src/main.o
 .debug_macro   0x000000000003445a      0x2e4 ./Core/Src/sdmmc.o
 .debug_macro   0x000000000003473e      0x2e4 ./Core/Src/spi.o
 .debug_macro   0x0000000000034a22      0x2da ./Core/Src/stm32h7xx_hal_msp.o
 .debug_macro   0x0000000000034cfc      0x2e4 ./Core/Src/stm32h7xx_it.o
 .debug_macro   0x0000000000034fe0       0xff ./Core/Src/sysmem.o
 .debug_macro   0x00000000000350df      0x23b ./Core/Src/sysmem.o
 .debug_macro   0x000000000003531a      0x2d1 ./Core/Src/system_stm32h7xx.o
 .debug_macro   0x00000000000355eb      0x2f5 ./Drivers/STM32H7xx_HAL_Driver/Src/stm32h7xx_hal.o
 .debug_macro   0x00000000000358e0      0x2cb ./Drivers/STM32H7xx_HAL_Driver/Src/stm32h7xx_hal_cortex.o
 .debug_macro   0x0000000000035bab      0x307 ./Drivers/STM32H7xx_HAL_Driver/Src/stm32h7xx_hal_gpio.o
 .debug_macro   0x0000000000035eb2      0x304 ./Drivers/STM32H7xx_HAL_Driver/Src/stm32h7xx_hal_pwr_ex.o
 .debug_macro   0x00000000000361b6      0x2ef ./Drivers/STM32H7xx_HAL_Driver/Src/stm32h7xx_hal_rcc.o
 .debug_macro   0x00000000000364a5      0x2e9 ./Drivers/STM32H7xx_HAL_Driver/Src/stm32h7xx_hal_rcc_ex.o
 .debug_macro   0x000000000003678e      0x2e8 ./Drivers/STM32H7xx_HAL_Driver/Src/stm32h7xx_hal_sd.o
 .debug_macro   0x0000000000036a76      0x2da ./Drivers/STM32H7xx_HAL_Driver/Src/stm32h7xx_hal_spi.o
 .debug_macro   0x0000000000036d50      0x2cc ./Drivers/STM32H7xx_HAL_Driver/Src/stm32h7xx_ll_sdmmc.o
 .debug_macro   0x000000000003701c      0x32a ./Drivers/st7789/fonts.o
 .debug_macro   0x0000000000037346      0x339 ./Drivers/st7789/st7789.o
 .debug_macro   0x000000000003767f      0x146 ./Drivers/st7789/st7789.o
 .debug_macro   0x00000000000377c5      0x367 ./FATFS/App/fatfs.o
 .debug_macro   0x0000000000037b2c      0x2da ./FATFS/Target/bsp_driver_sd.o
 .debug_macro   0x0000000000037e06       0x40 ./FATFS/Target/bsp_driver_sd.o
 .debug_macro   0x0000000000037e46      0x36a ./FATFS/Target/sd_diskio.o
 .debug_macro   0x00000000000381b0       0x16 ./FATFS/Target/sd_diskio.o
 .debug_macro   0x00000000000381c6       0x7c ./FATFS/Target/sd_diskio.o
 .debug_macro   0x0000000000038242      0x354 ./Middlewares/Third_Party/FatFs/src/diskio.o
 .debug_macro   0x0000000000038596      0x762 ./Middlewares/Third_Party/FatFs/src/ff.o
 .debug_macro   0x0000000000038cf8       0x58 ./Middlewares/Third_Party/FatFs/src/ff.o
 .debug_macro   0x0000000000038d50      0x354 ./Middlewares/Third_Party/FatFs/src/ff_gen_drv.o
 .debug_macro   0x00000000000390a4      0x343 ./Middlewares/Third_Party/FatFs/src/option/ccsbcs.o

.debug_line     0x0000000000000000    0x28ba7
 .debug_line    0x0000000000000000      0xb1e ./Core/Src/bmp.o
 .debug_line    0x0000000000000b1e      0x8f8 ./Core/Src/gpio.o
 .debug_line    0x0000000000001416      0xdde ./Core/Src/main.o
 .debug_line    0x00000000000021f4      0xa0e ./Core/Src/sdmmc.o
 .debug_line    0x0000000000002c02      0xa15 ./Core/Src/spi.o
 .debug_line    0x0000000000003617      0x8a6 ./Core/Src/stm32h7xx_hal_msp.o
 .debug_line    0x0000000000003ebd      0x96e ./Core/Src/stm32h7xx_it.o
 .debug_line    0x000000000000482b      0x53b ./Core/Src/sysmem.o
 .debug_line    0x0000000000004d66      0xb17 ./Core/Src/system_stm32h7xx.o
 .debug_line    0x000000000000587d       0x88 ./Core/Startup/startup_stm32h743vitx.o
 .debug_line    0x0000000000005905     0x1039 ./Drivers/STM32H7xx_HAL_Driver/Src/stm32h7xx_hal.o
 .debug_line    0x000000000000693e      0xeea ./Drivers/STM32H7xx_HAL_Driver/Src/stm32h7xx_hal_cortex.o
 .debug_line    0x0000000000007828      0xe94 ./Drivers/STM32H7xx_HAL_Driver/Src/stm32h7xx_hal_gpio.o
 .debug_line    0x00000000000086bc     0x117c ./Drivers/STM32H7xx_HAL_Driver/Src/stm32h7xx_hal_pwr_ex.o
 .debug_line    0x0000000000009838     0x1cb3 ./Drivers/STM32H7xx_HAL_Driver/Src/stm32h7xx_hal_rcc.o
 .debug_line    0x000000000000b4eb     0x212f ./Drivers/STM32H7xx_HAL_Driver/Src/stm32h7xx_hal_rcc_ex.o
 .debug_line    0x000000000000d61a     0x30b5 ./Drivers/STM32H7xx_HAL_Driver/Src/stm32h7xx_hal_sd.o
 .debug_line    0x00000000000106cf     0x32d3 ./Drivers/STM32H7xx_HAL_Driver/Src/stm32h7xx_hal_spi.o
 .debug_line    0x00000000000139a2     0x3f15 ./Drivers/STM32H7xx_HAL_Driver/Src/stm32h7xx_ll_sdmmc.o
 .debug_line    0x00000000000178b7      0x9f9 ./Drivers/st7789/fonts.o
 .debug_line    0x00000000000182b0     0x25cf ./Drivers/st7789/st7789.o
 .debug_line    0x000000000001a87f      0x965 ./FATFS/App/fatfs.o
 .debug_line    0x000000000001b1e4      0xa99 ./FATFS/Target/bsp_driver_sd.o
 .debug_line    0x000000000001bc7d      0xaf2 ./FATFS/Target/sd_diskio.o
 .debug_line    0x000000000001c76f      0xa1c ./Middlewares/Third_Party/FatFs/src/diskio.o
 .debug_line    0x000000000001d18b     0xa3eb ./Middlewares/Third_Party/FatFs/src/ff.o
 .debug_line    0x0000000000027576      0xb81 ./Middlewares/Third_Party/FatFs/src/ff_gen_drv.o
 .debug_line    0x00000000000280f7      0xab0 ./Middlewares/Third_Party/FatFs/src/option/ccsbcs.o

.debug_str      0x0000000000000000   0x1592aa
 .debug_str     0x0000000000000000   0x152a6c ./Core/Src/bmp.o
                                     0x152fe7 (size before relaxing)
 .debug_str     0x0000000000152a6c      0x2ea ./Core/Src/gpio.o
                                     0x15205e (size before relaxing)
 .debug_str     0x0000000000152d56      0xc8a ./Core/Src/main.o
                                     0x153e2e (size before relaxing)
 .debug_str     0x00000000001539e0      0x362 ./Core/Src/sdmmc.o