st7789.c:66:6:ST7789_Init	40	static
st7789.c:90:6:ST7789_Select	0	static
st7789.c:103:6:ST7789_Unselect	0	static
st7789.c:176:6:ST7789_HardReset	8	static
st7789.c:189:15:ST7789_SendCmd	8	static
st7789.c:259:15:ST7789_SendData	8	static
st7789.c:330:15:ST7789_SendDataMASS	16	static
st7789.c:413:6:ST7789_SleepModeEnter	8	static
st7789.c:429:6:ST7789_SleepModeExit	8	static
st7789.c:445:6:ST7789_InversionMode	8	static
st7789.c:510:6:ST7789_SetWindow	32	static
st7789.c:148:6:ST7789_DrawImage	24	static
st7789.c:484:6:ST7789_FillRect	32	static
st7789.c:464:6:ST7789_FillScreen	16	static
st7789.c:474:6:ST7789_Clear	16	static
st7789.c:529:6:ST7789_RamWrite	32	static
st7789.c:598:6:ST7789_SetBL	0	static
st7789.c:612:6:ST7789_DisplayPower	8	static
st7789.c:657:6:ST7789_DrawRectangleFilled	8	static
st7789.c:820:6:ST7789_DrawPixel	16	static
st7789.c:709:6:ST7789_DrawLine	56	static
st7789.c:631:6:ST7789_DrawRectangle	32	static
st7789.c:743:6:ST7789_DrawTriangle	40	static
st7789.c:755:6:ST7789_DrawFilledTriangle	72	static
st7789.c:835:6:ST7789_DrawCircleFilled	56	static
st7789.c:875:6:ST7789_DrawCircle	56	static
st7789.c:917:6:ST7789_DrawChar	104	static
st7789.c:996:6:ST7789_print	56	static
st7789.c:1023:6:ST7789_rotation	24	static
st7789.c:1187:6:ST7789_DrawBitmap	64	static
